<?xml version="1.0" encoding="ISO-8859-1" ?>
<link_info>
   <banner>TMS320C2000 Linker PC v22.6.1.LTS</banner>
   <copyright>Copyright (c) 1996-2018 Texas Instruments Incorporated</copyright>
   <link_time>0x665ffd1f</link_time>
   <link_errors>0x0</link_errors>
   <output_file>test.out</output_file>
   <entry_point>
      <name>_c_int00</name>
      <address>0x301a0e</address>
   </entry_point>
   <input_file_list>
      <input_file id="fl-2">
         <path>.\</path>
         <kind>object</kind>
         <file>main.obj</file>
         <name>main.obj</name>
      </input_file>
      <input_file id="fl-5">
         <path>C:\Users\eidos\workspace_v12\test\Debug\configPkg\package\cfg\</path>
         <kind>object</kind>
         <file>app_p28FP.o28FP</file>
         <name>app_p28FP.o28FP</name>
      </input_file>
      <input_file id="fl-c">
         <kind>object</kind>
         <file>&lt;internal&gt;</file>
         <name>&lt;internal&gt;</name>
      </input_file>
      <input_file id="fl-d">
         <path>C:\Users\eidos\workspace_v12\test\src\sysbios\</path>
         <kind>archive</kind>
         <file>sysbios.a28FP</file>
         <name>BIOS.obj</name>
      </input_file>
      <input_file id="fl-e">
         <path>C:\Users\eidos\workspace_v12\test\src\sysbios\</path>
         <kind>archive</kind>
         <file>sysbios.a28FP</file>
         <name>c28_Hwi_asm.obj</name>
      </input_file>
      <input_file id="fl-f">
         <path>C:\Users\eidos\workspace_v12\test\src\sysbios\</path>
         <kind>archive</kind>
         <file>sysbios.a28FP</file>
         <name>c28_Hwi_disp_asm.obj</name>
      </input_file>
      <input_file id="fl-10">
         <path>C:\Users\eidos\workspace_v12\test\src\sysbios\</path>
         <kind>archive</kind>
         <file>sysbios.a28FP</file>
         <name>c28_IntrinsicsSupport_asm.obj</name>
      </input_file>
      <input_file id="fl-11">
         <path>C:\Users\eidos\workspace_v12\test\src\sysbios\</path>
         <kind>archive</kind>
         <file>sysbios.a28FP</file>
         <name>c28_TaskSupport_asm.obj</name>
      </input_file>
      <input_file id="fl-12">
         <path>C:\ti\bios_6_83_00_18\packages\ti\catalog\c2800\init\lib\</path>
         <kind>archive</kind>
         <file>Boot.a28FP</file>
         <name>Boot.o28FP</name>
      </input_file>
      <input_file id="fl-13">
         <path>C:\ti\bios_6_83_00_18\packages\ti\targets\rts2800\lib\</path>
         <kind>archive</kind>
         <file>ti.targets.rts2800.a28FP</file>
         <name>Assert.o28FP</name>
      </input_file>
      <input_file id="fl-14">
         <path>C:\ti\bios_6_83_00_18\packages\ti\targets\rts2800\lib\</path>
         <kind>archive</kind>
         <file>ti.targets.rts2800.a28FP</file>
         <name>Core-mem.o28FP</name>
      </input_file>
      <input_file id="fl-15">
         <path>C:\ti\bios_6_83_00_18\packages\ti\targets\rts2800\lib\</path>
         <kind>archive</kind>
         <file>ti.targets.rts2800.a28FP</file>
         <name>Core-smem.o28FP</name>
      </input_file>
      <input_file id="fl-16">
         <path>C:\ti\bios_6_83_00_18\packages\ti\targets\rts2800\lib\</path>
         <kind>archive</kind>
         <file>ti.targets.rts2800.a28FP</file>
         <name>Core-params.o28FP</name>
      </input_file>
      <input_file id="fl-17">
         <path>C:\ti\bios_6_83_00_18\packages\ti\targets\rts2800\lib\</path>
         <kind>archive</kind>
         <file>ti.targets.rts2800.a28FP</file>
         <name>Error.o28FP</name>
      </input_file>
      <input_file id="fl-18">
         <path>C:\ti\bios_6_83_00_18\packages\ti\targets\rts2800\lib\</path>
         <kind>archive</kind>
         <file>ti.targets.rts2800.a28FP</file>
         <name>Gate.o28FP</name>
      </input_file>
      <input_file id="fl-19">
         <path>C:\ti\bios_6_83_00_18\packages\ti\targets\rts2800\lib\</path>
         <kind>archive</kind>
         <file>ti.targets.rts2800.a28FP</file>
         <name>LoggerBuf.o28FP</name>
      </input_file>
      <input_file id="fl-1a">
         <path>C:\ti\bios_6_83_00_18\packages\ti\targets\rts2800\lib\</path>
         <kind>archive</kind>
         <file>ti.targets.rts2800.a28FP</file>
         <name>Memory.o28FP</name>
      </input_file>
      <input_file id="fl-1b">
         <path>C:\ti\bios_6_83_00_18\packages\ti\targets\rts2800\lib\</path>
         <kind>archive</kind>
         <file>ti.targets.rts2800.a28FP</file>
         <name>Startup.o28FP</name>
      </input_file>
      <input_file id="fl-1c">
         <path>C:\ti\bios_6_83_00_18\packages\ti\targets\rts2800\lib\</path>
         <kind>archive</kind>
         <file>ti.targets.rts2800.a28FP</file>
         <name>System.o28FP</name>
      </input_file>
      <input_file id="fl-1d">
         <path>C:\ti\bios_6_83_00_18\packages\ti\targets\rts2800\lib\</path>
         <kind>archive</kind>
         <file>ti.targets.rts2800.a28FP</file>
         <name>SysMin.o28FP</name>
      </input_file>
      <input_file id="fl-1e">
         <path>C:\ti\bios_6_83_00_18\packages\ti\targets\rts2800\lib\</path>
         <kind>archive</kind>
         <file>ti.targets.rts2800.a28FP</file>
         <name>Text.o28FP</name>
      </input_file>
      <input_file id="fl-1f">
         <path>C:\ti\bios_6_83_00_18\packages\ti\targets\rts2800\lib\</path>
         <kind>archive</kind>
         <file>ti.targets.rts2800.a28FP</file>
         <name>xdc_noinit.o28FP</name>
      </input_file>
      <input_file id="fl-20">
         <path>C:\ti\bios_6_83_00_18\packages\ti\targets\rts2800\lib\</path>
         <kind>archive</kind>
         <file>ti.targets.rts2800.a28FP</file>
         <name>Log.o28FP</name>
      </input_file>
      <input_file id="fl-21">
         <path>C:\ti\bios_6_83_00_18\packages\ti\targets\rts2800\lib\</path>
         <kind>archive</kind>
         <file>ti.targets.rts2800.a28FP</file>
         <name>Registry.o28FP</name>
      </input_file>
      <input_file id="fl-22">
         <path>C:\ti\bios_6_83_00_18\packages\ti\targets\rts2800\lib\</path>
         <kind>archive</kind>
         <file>boot.a28FP</file>
         <name>boot_cg.o28FP</name>
      </input_file>
      <input_file id="fl-2e">
         <path>C:\ti\ccs1271\ccs\tools\compiler\ti-cgt-c2000_22.6.1.LTS\lib\</path>
         <kind>archive</kind>
         <file>rts2800_fpu32.lib</file>
         <name>ll_div28.asm.obj</name>
      </input_file>
      <input_file id="fl-2f">
         <path>C:\ti\ccs1271\ccs\tools\compiler\ti-cgt-c2000_22.6.1.LTS\lib\</path>
         <kind>archive</kind>
         <file>rts2800_fpu32.lib</file>
         <name>cpy_tbl.c.obj</name>
      </input_file>
      <input_file id="fl-30">
         <path>C:\ti\ccs1271\ccs\tools\compiler\ti-cgt-c2000_22.6.1.LTS\lib\</path>
         <kind>archive</kind>
         <file>rts2800_fpu32.lib</file>
         <name>memcpy.c.obj</name>
      </input_file>
      <input_file id="fl-31">
         <path>C:\ti\ccs1271\ccs\tools\compiler\ti-cgt-c2000_22.6.1.LTS\lib\</path>
         <kind>archive</kind>
         <file>rts2800_fpu32.lib</file>
         <name>pre_init.c.obj</name>
      </input_file>
      <input_file id="fl-32">
         <path>C:\ti\ccs1271\ccs\tools\compiler\ti-cgt-c2000_22.6.1.LTS\lib\</path>
         <kind>archive</kind>
         <file>rts2800_fpu32.lib</file>
         <name>startup.c.obj</name>
      </input_file>
      <input_file id="fl-33">
         <path>C:\ti\ccs1271\ccs\tools\compiler\ti-cgt-c2000_22.6.1.LTS\lib\</path>
         <kind>archive</kind>
         <file>rts2800_fpu32.lib</file>
         <name>exit.c.obj</name>
      </input_file>
      <input_file id="fl-34">
         <path>C:\ti\ccs1271\ccs\tools\compiler\ti-cgt-c2000_22.6.1.LTS\lib\</path>
         <kind>archive</kind>
         <file>rts2800_fpu32.lib</file>
         <name>_lock.c.obj</name>
      </input_file>
      <input_file id="fl-35">
         <path>C:\ti\ccs1271\ccs\tools\compiler\ti-cgt-c2000_22.6.1.LTS\lib\</path>
         <kind>archive</kind>
         <file>rts2800_fpu32.lib</file>
         <name>args_main.c.obj</name>
      </input_file>
      <input_file id="fl-36">
         <path>C:\ti\ccs1271\ccs\tools\compiler\ti-cgt-c2000_22.6.1.LTS\lib\</path>
         <kind>archive</kind>
         <file>rts2800_fpu32.lib</file>
         <name>memset.c.obj</name>
      </input_file>
      <input_file id="fl-37">
         <path>C:\ti\ccs1271\ccs\tools\compiler\ti-cgt-c2000_22.6.1.LTS\lib\</path>
         <kind>archive</kind>
         <file>rts2800_fpu32.lib</file>
         <name>strcmp.c.obj</name>
      </input_file>
      <input_file id="fl-38">
         <path>C:\ti\ccs1271\ccs\tools\compiler\ti-cgt-c2000_22.6.1.LTS\lib\</path>
         <kind>archive</kind>
         <file>rts2800_fpu32.lib</file>
         <name>strlen.c.obj</name>
      </input_file>
      <input_file id="fl-39">
         <path>C:\ti\ccs1271\ccs\tools\compiler\ti-cgt-c2000_22.6.1.LTS\lib\</path>
         <kind>archive</kind>
         <file>rts2800_fpu32.lib</file>
         <name>hostwrite.c.obj</name>
      </input_file>
      <input_file id="fl-3a">
         <path>C:\ti\ccs1271\ccs\tools\compiler\ti-cgt-c2000_22.6.1.LTS\lib\</path>
         <kind>archive</kind>
         <file>rts2800_fpu32.lib</file>
         <name>trgmsg.c.obj</name>
      </input_file>
      <input_file id="fl-3b">
         <path>C:\ti\ccs1271\ccs\tools\compiler\ti-cgt-c2000_22.6.1.LTS\lib\</path>
         <kind>archive</kind>
         <file>rts2800_fpu32.lib</file>
         <name>hostopen.c.obj</name>
      </input_file>
   </input_file_list>
   <object_component_list>
      <object_component id="oc-20">
         <name>.cinit</name>
         <load_address>0x304b99</load_address>
         <run_address>0x304b99</run_address>
         <size>0x120</size>
         <input_file_ref idref="fl-5"/>
      </object_component>
      <object_component id="oc-107">
         <name>.cinit:_ti_sysbios_family_c28_Hwi_Module_State_0_dispatchTable__A</name>
         <load_address>0x304cb9</load_address>
         <run_address>0x304cb9</run_address>
         <size>0x103</size>
         <input_file_ref idref="fl-5"/>
      </object_component>
      <object_component id="oc-105">
         <name>.cinit:_ti_sysbios_knl_Swi_Module_State_0_readyQ__A</name>
         <load_address>0x304dbc</load_address>
         <run_address>0x304dbc</run_address>
         <size>0x43</size>
         <input_file_ref idref="fl-5"/>
      </object_component>
      <object_component id="oc-10e">
         <name>.cinit:_ti_sysbios_knl_Task_Module_State_0_readyQ__A</name>
         <load_address>0x304dff</load_address>
         <run_address>0x304dff</run_address>
         <size>0x43</size>
         <input_file_ref idref="fl-5"/>
      </object_component>
      <object_component id="oc-fd">
         <name>.cinit:_ti_sysbios_family_c28_Timer_Object__table__V</name>
         <load_address>0x304e42</load_address>
         <run_address>0x304e42</run_address>
         <size>0x33</size>
         <input_file_ref idref="fl-5"/>
      </object_component>
      <object_component id="oc-34">
         <name>.cinit:_ti_sysbios_knl_Task_Object__table__V</name>
         <load_address>0x304e75</load_address>
         <run_address>0x304e75</run_address>
         <size>0x2d</size>
         <input_file_ref idref="fl-5"/>
      </object_component>
      <object_component id="oc-122">
         <name>.cinit:_ti_sysbios_family_c28_Hwi_Object__table__V</name>
         <load_address>0x304ea2</load_address>
         <run_address>0x304ea2</run_address>
         <size>0x23</size>
         <input_file_ref idref="fl-5"/>
      </object_component>
      <object_component id="oc-109">
         <name>.cinit:_ti_sysbios_gates_GateMutex_Object__table__V</name>
         <load_address>0x304ec5</load_address>
         <run_address>0x304ec5</run_address>
         <size>0x1f</size>
         <input_file_ref idref="fl-5"/>
      </object_component>
      <object_component id="oc-104">
         <name>.cinit:_ti_sysbios_knl_Swi_Object__table__V</name>
         <load_address>0x304ee4</load_address>
         <run_address>0x304ee4</run_address>
         <size>0x17</size>
         <input_file_ref idref="fl-5"/>
      </object_component>
      <object_component id="oc-197">
         <name>.cinit:_xdc_runtime_LoggerBuf_Object__table__V</name>
         <load_address>0x304efb</load_address>
         <run_address>0x304efb</run_address>
         <size>0x15</size>
         <input_file_ref idref="fl-5"/>
      </object_component>
      <object_component id="oc-33">
         <name>.cinit:_ti_sysbios_heaps_HeapMem_Object__table__V</name>
         <load_address>0x304f10</load_address>
         <run_address>0x304f10</run_address>
         <size>0xf</size>
         <input_file_ref idref="fl-5"/>
      </object_component>
      <object_component id="oc-c5">
         <name>.cinit</name>
         <load_address>0x304f1f</load_address>
         <run_address>0x304f1f</run_address>
         <size>0xe</size>
         <input_file_ref idref="fl-33"/>
      </object_component>
      <object_component id="oc-100">
         <name>.cinit:_xdc_runtime_System_Module_State_0_atexitHandlers__A</name>
         <load_address>0x304f2d</load_address>
         <run_address>0x304f2d</run_address>
         <size>0xb</size>
         <input_file_ref idref="fl-5"/>
      </object_component>
      <object_component id="oc-161">
         <name>.cinit:__lock</name>
         <load_address>0x304f38</load_address>
         <run_address>0x304f38</run_address>
         <size>0x5</size>
         <input_file_ref idref="fl-34"/>
      </object_component>
      <object_component id="oc-162">
         <name>.cinit:__unlock</name>
         <load_address>0x304f3d</load_address>
         <run_address>0x304f3d</run_address>
         <size>0x5</size>
         <input_file_ref idref="fl-34"/>
      </object_component>
      <object_component id="oc-1f0">
         <name>.cinit:_ti_sysbios_gates_GateHwi_Object__table__V</name>
         <load_address>0x304f42</load_address>
         <run_address>0x304f42</run_address>
         <size>0x5</size>
         <input_file_ref idref="fl-5"/>
      </object_component>
      <object_component id="oc-110">
         <name>.cinit:_ti_sysbios_knl_Task_Module_State_0_idleTask__A</name>
         <load_address>0x304f47</load_address>
         <run_address>0x304f47</run_address>
         <size>0x5</size>
         <input_file_ref idref="fl-5"/>
      </object_component>
      <object_component id="oc-1da">
         <name>.text:_xdc_runtime_System_doPrint__I</name>
         <load_address>0x300000</load_address>
         <run_address>0x300000</run_address>
         <size>0x23b</size>
         <input_file_ref idref="fl-1c"/>
      </object_component>
      <object_component id="oc-1a0">
         <name>.text:_ti_sysbios_knl_Semaphore_pend__E</name>
         <load_address>0x30023b</load_address>
         <run_address>0x30023b</run_address>
         <size>0x1d8</size>
         <input_file_ref idref="fl-d"/>
      </object_component>
      <object_component id="oc-174">
         <name>.text:_ti_sysbios_heaps_HeapMem_freeUnprotected__E</name>
         <load_address>0x300413</load_address>
         <run_address>0x300413</run_address>
         <size>0x1a1</size>
         <input_file_ref idref="fl-d"/>
      </object_component>
      <object_component id="oc-170">
         <name>.text:_ti_sysbios_heaps_HeapMem_allocUnprotected__E</name>
         <load_address>0x3005b4</load_address>
         <run_address>0x3005b4</run_address>
         <size>0x16c</size>
         <input_file_ref idref="fl-d"/>
      </object_component>
      <object_component id="oc-186">
         <name>.text:_ti_sysbios_knl_Task_Instance_finalize__E</name>
         <load_address>0x300720</load_address>
         <run_address>0x300720</run_address>
         <size>0x16b</size>
         <input_file_ref idref="fl-d"/>
      </object_component>
      <object_component id="oc-185">
         <name>.text:_ti_sysbios_knl_Task_Instance_init__E</name>
         <load_address>0x30088b</load_address>
         <run_address>0x30088b</run_address>
         <size>0x141</size>
         <input_file_ref idref="fl-d"/>
      </object_component>
      <object_component id="oc-182">
         <name>.text:_ti_sysbios_knl_Task_sleep__E</name>
         <load_address>0x3009cc</load_address>
         <run_address>0x3009cc</run_address>
         <size>0x13e</size>
         <input_file_ref idref="fl-d"/>
      </object_component>
      <object_component id="oc-ab">
         <name>.text</name>
         <load_address>0x300b0a</load_address>
         <run_address>0x300b0a</run_address>
         <size>0x107</size>
         <input_file_ref idref="fl-2e"/>
      </object_component>
      <object_component id="oc-178">
         <name>.text:_ti_sysbios_heaps_HeapMem_Instance_init__E</name>
         <load_address>0x300c11</load_address>
         <run_address>0x300c11</run_address>
         <size>0xef</size>
         <input_file_ref idref="fl-d"/>
      </object_component>
      <object_component id="oc-1aa">
         <name>.text:_ti_sysbios_family_c28_Hwi_clearInterrupt__E</name>
         <load_address>0x300d00</load_address>
         <run_address>0x300d00</run_address>
         <size>0xdc</size>
         <input_file_ref idref="fl-d"/>
      </object_component>
      <object_component id="oc-26d">
         <name>.text:_xdc_runtime_System_printfExtend__I</name>
         <load_address>0x300ddc</load_address>
         <run_address>0x300ddc</run_address>
         <size>0xc2</size>
         <input_file_ref idref="fl-5"/>
      </object_component>
      <object_component id="oc-2c6">
         <name>.text:_ti_sysbios_family_c28_Hwi_dispatchCore__I</name>
         <load_address>0x300e9e</load_address>
         <run_address>0x300e9e</run_address>
         <size>0xc1</size>
         <input_file_ref idref="fl-d"/>
      </object_component>
      <object_component id="oc-227">
         <name>.text:_xdc_runtime_LoggerBuf_write8__E</name>
         <load_address>0x300f5f</load_address>
         <run_address>0x300f5f</run_address>
         <size>0xc0</size>
         <input_file_ref idref="fl-19"/>
      </object_component>
      <object_component id="oc-259">
         <name>.text:_ti_sysbios_knl_Semaphore_Instance_init__E</name>
         <load_address>0x30101f</load_address>
         <run_address>0x30101f</run_address>
         <size>0xbf</size>
         <input_file_ref idref="fl-d"/>
      </object_component>
      <object_component id="oc-1a1">
         <name>.text:_ti_sysbios_knl_Semaphore_post__E</name>
         <load_address>0x3010de</load_address>
         <run_address>0x3010de</run_address>
         <size>0xb8</size>
         <input_file_ref idref="fl-d"/>
      </object_component>
      <object_component id="oc-125">
         <name>.text:_ti_sysbios_knl_Clock_workFunc__E</name>
         <load_address>0x301196</load_address>
         <run_address>0x301196</run_address>
         <size>0xb1</size>
         <input_file_ref idref="fl-d"/>
      </object_component>
      <object_component id="oc-24b">
         <name>.text:_ti_sysbios_knl_Swi_run__I</name>
         <load_address>0x301247</load_address>
         <run_address>0x301247</run_address>
         <size>0xa9</size>
         <input_file_ref idref="fl-d"/>
      </object_component>
      <object_component id="oc-177">
         <name>.text:_xdc_runtime_Core_createObject__I</name>
         <load_address>0x3012f0</load_address>
         <run_address>0x3012f0</run_address>
         <size>0xa0</size>
         <input_file_ref idref="fl-14"/>
      </object_component>
      <object_component id="oc-2ad">
         <name>.text:_ti_sysbios_family_c28_Hwi_dispatch</name>
         <load_address>0x301390</load_address>
         <run_address>0x301390</run_address>
         <size>0x9d</size>
         <input_file_ref idref="fl-f"/>
      </object_component>
      <object_component id="oc-128">
         <name>.text:_ti_sysbios_BIOS_linkedWithIncorrectBootLibrary__E</name>
         <load_address>0x30142d</load_address>
         <run_address>0x30142d</run_address>
         <size>0x1</size>
         <input_file_ref idref="fl-d"/>
      </object_component>
      <object_component id="oc-2b5">
         <name>.text</name>
         <load_address>0x30142e</load_address>
         <run_address>0x30142e</run_address>
         <size>0x95</size>
         <input_file_ref idref="fl-3a"/>
      </object_component>
      <object_component id="oc-1ab">
         <name>.text:_ti_sysbios_family_c28_Hwi_enableInterrupt__E</name>
         <load_address>0x3014c3</load_address>
         <run_address>0x3014c3</run_address>
         <size>0x8e</size>
         <input_file_ref idref="fl-d"/>
      </object_component>
      <object_component id="oc-258">
         <name>.text:_xdc_runtime_Core_constructObject__I</name>
         <load_address>0x301551</load_address>
         <run_address>0x301551</run_address>
         <size>0x8d</size>
         <input_file_ref idref="fl-15"/>
      </object_component>
      <object_component id="oc-2bf">
         <name>.text:_ti_sysbios_family_c28_Hwi_disableInterrupt__E</name>
         <load_address>0x3015de</load_address>
         <run_address>0x3015de</run_address>
         <size>0x81</size>
         <input_file_ref idref="fl-d"/>
      </object_component>
      <object_component id="oc-219">
         <name>.text:_ti_sysbios_family_c28_Hwi_disablePIEIER__E</name>
         <load_address>0x30165f</load_address>
         <run_address>0x30165f</run_address>
         <size>0x7f</size>
         <input_file_ref idref="fl-d"/>
      </object_component>
      <object_component id="oc-218">
         <name>.text:_ti_sysbios_family_c28_Hwi_enablePIEIER__E</name>
         <load_address>0x3016de</load_address>
         <run_address>0x3016de</run_address>
         <size>0x7e</size>
         <input_file_ref idref="fl-d"/>
      </object_component>
      <object_component id="oc-1f5">
         <name>.text:_xdc_runtime_LoggerBuf_write4__E</name>
         <load_address>0x30175c</load_address>
         <run_address>0x30175c</run_address>
         <size>0x7a</size>
         <input_file_ref idref="fl-19"/>
      </object_component>
      <object_component id="oc-1af">
         <name>.text:_ti_sysbios_knl_Task_checkStacks__E</name>
         <load_address>0x3017d6</load_address>
         <run_address>0x3017d6</run_address>
         <size>0x75</size>
         <input_file_ref idref="fl-d"/>
      </object_component>
      <object_component id="oc-16b">
         <name>.text:_ti_sysbios_knl_Task_startCore__E</name>
         <load_address>0x30184b</load_address>
         <run_address>0x30184b</run_address>
         <size>0x72</size>
         <input_file_ref idref="fl-d"/>
      </object_component>
      <object_component id="oc-180">
         <name>.text:_xdc_runtime_Startup_startMods__I</name>
         <load_address>0x3018bd</load_address>
         <run_address>0x3018bd</run_address>
         <size>0x72</size>
         <input_file_ref idref="fl-1b"/>
      </object_component>
      <object_component id="oc-159">
         <name>.text:_ti_sysbios_gates_GateMutex_enter__E</name>
         <load_address>0x30192f</load_address>
         <run_address>0x30192f</run_address>
         <size>0x71</size>
         <input_file_ref idref="fl-d"/>
      </object_component>
      <object_component id="oc-21c">
         <name>.text:_ti_sysbios_knl_Task_schedule__I</name>
         <load_address>0x3019a0</load_address>
         <run_address>0x3019a0</run_address>
         <size>0x6e</size>
         <input_file_ref idref="fl-d"/>
      </object_component>
      <object_component id="oc-18">
         <name>.text</name>
         <load_address>0x301a0e</load_address>
         <run_address>0x301a0e</run_address>
         <size>0x69</size>
         <input_file_ref idref="fl-22"/>
      </object_component>
      <object_component id="oc-2ae">
         <name>.text:_ti_sysbios_family_c28_Timer_stopAndClear__I</name>
         <load_address>0x301a77</load_address>
         <run_address>0x301a77</run_address>
         <size>0x66</size>
         <input_file_ref idref="fl-d"/>
      </object_component>
      <object_component id="oc-14b">
         <name>.text:_ti_sysbios_knl_Swi_post__E</name>
         <load_address>0x301add</load_address>
         <run_address>0x301add</run_address>
         <size>0x61</size>
         <input_file_ref idref="fl-d"/>
      </object_component>
      <object_component id="oc-1e0">
         <name>.text:_ti_sysbios_knl_Task_blockI__E</name>
         <load_address>0x301b3e</load_address>
         <run_address>0x301b3e</run_address>
         <size>0x61</size>
         <input_file_ref idref="fl-d"/>
      </object_component>
      <object_component id="oc-17b">
         <name>.text:_xdc_runtime_Error_policyDefault__E</name>
         <load_address>0x301b9f</load_address>
         <run_address>0x301b9f</run_address>
         <size>0x60</size>
         <input_file_ref idref="fl-17"/>
      </object_component>
      <object_component id="oc-286">
         <name>.text:_xdc_runtime_Text_putSite__E</name>
         <load_address>0x301bff</load_address>
         <run_address>0x301bff</run_address>
         <size>0x60</size>
         <input_file_ref idref="fl-1e"/>
      </object_component>
      <object_component id="oc-23b">
         <name>.text:_ti_sysbios_knl_Task_exit__E</name>
         <load_address>0x301c5f</load_address>
         <run_address>0x301c5f</run_address>
         <size>0x58</size>
         <input_file_ref idref="fl-d"/>
      </object_component>
      <object_component id="oc-20b">
         <name>.text:_ti_sysbios_knl_Task_unblockI__E</name>
         <load_address>0x301cb7</load_address>
         <run_address>0x301cb7</run_address>
         <size>0x52</size>
         <input_file_ref idref="fl-d"/>
      </object_component>
      <object_component id="oc-1ea">
         <name>.text:_ti_sysbios_knl_Task_postInit__I</name>
         <load_address>0x301d09</load_address>
         <run_address>0x301d09</run_address>
         <size>0x49</size>
         <input_file_ref idref="fl-d"/>
      </object_component>
      <object_component id="oc-267">
         <name>.text:_ti_sysbios_family_c28_Hwi_Module_startup__E</name>
         <load_address>0x301d52</load_address>
         <run_address>0x301d52</run_address>
         <size>0x47</size>
         <input_file_ref idref="fl-d"/>
      </object_component>
      <object_component id="oc-277">
         <name>.text:_ti_sysbios_family_c28_TimestampProvider_get64__E</name>
         <load_address>0x301d99</load_address>
         <run_address>0x301d99</run_address>
         <size>0x43</size>
         <input_file_ref idref="fl-d"/>
      </object_component>
      <object_component id="oc-3b">
         <name>.text:_ti_sysbios_family_c28_Hwi_unPluggedInterrupt__I</name>
         <load_address>0x301ddc</load_address>
         <run_address>0x301ddc</run_address>
         <size>0x42</size>
         <input_file_ref idref="fl-d"/>
      </object_component>
      <object_component id="oc-29e">
         <name>.text:_xdc_runtime_Text_putLab__E</name>
         <load_address>0x301e1e</load_address>
         <run_address>0x301e1e</run_address>
         <size>0x41</size>
         <input_file_ref idref="fl-1e"/>
      </object_component>
      <object_component id="oc-1e9">
         <name>.text:_xdc_runtime_Memory_alloc__E</name>
         <load_address>0x301e5f</load_address>
         <run_address>0x301e5f</run_address>
         <size>0x40</size>
         <input_file_ref idref="fl-1a"/>
      </object_component>
      <object_component id="oc-2ce">
         <name>.text:_ti_sysbios_knl_Swi_restoreHwi__E</name>
         <load_address>0x301e9f</load_address>
         <run_address>0x301e9f</run_address>
         <size>0x3e</size>
         <input_file_ref idref="fl-d"/>
      </object_component>
      <object_component id="oc-179">
         <name>.text:_xdc_runtime_Core_deleteObject__I</name>
         <load_address>0x301edd</load_address>
         <run_address>0x301edd</run_address>
         <size>0x3e</size>
         <input_file_ref idref="fl-14"/>
      </object_component>
      <object_component id="oc-251">
         <name>.text:_xdc_runtime_LoggerBuf_getFilterLevel__E</name>
         <load_address>0x301f1b</load_address>
         <run_address>0x301f1b</run_address>
         <size>0x3d</size>
         <input_file_ref idref="fl-19"/>
      </object_component>
      <object_component id="oc-294">
         <name>.text:_ti_sysbios_family_c28_Timer_postInit__I</name>
         <load_address>0x301f58</load_address>
         <run_address>0x301f58</run_address>
         <size>0x3c</size>
         <input_file_ref idref="fl-d"/>
      </object_component>
      <object_component id="oc-250">
         <name>.text:_xdc_runtime_LoggerBuf_setFilterLevel__E</name>
         <load_address>0x301f94</load_address>
         <run_address>0x301f94</run_address>
         <size>0x3c</size>
         <input_file_ref idref="fl-19"/>
      </object_component>
      <object_component id="oc-271">
         <name>.text:_ti_sysbios_family_c28_TaskSupport_start__E</name>
         <load_address>0x301fd0</load_address>
         <run_address>0x301fd0</run_address>
         <size>0x39</size>
         <input_file_ref idref="fl-d"/>
      </object_component>
      <object_component id="oc-2aa">
         <name>.text:_xdc_runtime_Text_putMod__E</name>
         <load_address>0x302009</load_address>
         <run_address>0x302009</run_address>
         <size>0x38</size>
         <input_file_ref idref="fl-1e"/>
      </object_component>
      <object_component id="oc-149">
         <name>.text:_ti_sysbios_knl_Clock_logTick__E</name>
         <load_address>0x302041</load_address>
         <run_address>0x302041</run_address>
         <size>0x37</size>
         <input_file_ref idref="fl-d"/>
      </object_component>
      <object_component id="oc-2a4">
         <name>.text</name>
         <load_address>0x302078</load_address>
         <run_address>0x302078</run_address>
         <size>0x37</size>
         <input_file_ref idref="fl-39"/>
      </object_component>
      <object_component id="oc-266">
         <name>.text:_ti_sysbios_family_c28_TimestampProvider_Module_startup__E</name>
         <load_address>0x3020af</load_address>
         <run_address>0x3020af</run_address>
         <size>0x36</size>
         <input_file_ref idref="fl-d"/>
      </object_component>
      <object_component id="oc-231">
         <name>.text:_xdc_runtime_System_formatNum__I</name>
         <load_address>0x3020e5</load_address>
         <run_address>0x3020e5</run_address>
         <size>0x35</size>
         <input_file_ref idref="fl-1c"/>
      </object_component>
      <object_component id="oc-26b">
         <name>.text:_ti_sysbios_knl_Task_Module_startup__E</name>
         <load_address>0x30211a</load_address>
         <run_address>0x30211a</run_address>
         <size>0x32</size>
         <input_file_ref idref="fl-d"/>
      </object_component>
      <object_component id="oc-133">
         <name>.text:_ti_sysbios_heaps_HeapMem_alloc__E</name>
         <load_address>0x30214c</load_address>
         <run_address>0x30214c</run_address>
         <size>0x31</size>
         <input_file_ref idref="fl-d"/>
      </object_component>
      <object_component id="oc-143">
         <name>.text:_ti_sysbios_knl_Task_create</name>
         <load_address>0x30217d</load_address>
         <run_address>0x30217d</run_address>
         <size>0x31</size>
         <input_file_ref idref="fl-5"/>
      </object_component>
      <object_component id="oc-260">
         <name>.text:_xdc_runtime_Error_print__E</name>
         <load_address>0x3021ae</load_address>
         <run_address>0x3021ae</run_address>
         <size>0x31</size>
         <input_file_ref idref="fl-17"/>
      </object_component>
      <object_component id="oc-27f">
         <name>.text:_xdc_runtime_LoggerBuf_Instance_init__E</name>
         <load_address>0x3021df</load_address>
         <run_address>0x3021df</run_address>
         <size>0x30</size>
         <input_file_ref idref="fl-19"/>
      </object_component>
      <object_component id="oc-1c6">
         <name>.text:_xdc_runtime_Core_assignParams__I</name>
         <load_address>0x30220f</load_address>
         <run_address>0x30220f</run_address>
         <size>0x2f</size>
         <input_file_ref idref="fl-16"/>
      </object_component>
      <object_component id="oc-f7">
         <name>.text:_xdc_runtime_Startup_exec__E</name>
         <load_address>0x30223e</load_address>
         <run_address>0x30223e</run_address>
         <size>0x2f</size>
         <input_file_ref idref="fl-1b"/>
      </object_component>
      <object_component id="oc-119">
         <name>.text:.bootCodeSection:_ti_catalog_c2800_init_Boot_configurePll2802x</name>
         <load_address>0x30226d</load_address>
         <run_address>0x30226d</run_address>
         <size>0x2e</size>
         <input_file_ref idref="fl-12"/>
      </object_component>
      <object_component id="oc-22b">
         <name>.text:_ti_sysbios_family_c28_Hwi_getStackInfo__E</name>
         <load_address>0x30229b</load_address>
         <run_address>0x30229b</run_address>
         <size>0x2e</size>
         <input_file_ref idref="fl-d"/>
      </object_component>
      <object_component id="oc-1f6">
         <name>.text:_ti_sysbios_knl_Swi_runLoop__I</name>
         <load_address>0x3022c9</load_address>
         <run_address>0x3022c9</run_address>
         <size>0x2e</size>
         <input_file_ref idref="fl-d"/>
      </object_component>
      <object_component id="oc-194">
         <name>.text:_ti_sysbios_knl_Swi_schedule__I</name>
         <load_address>0x3022f7</load_address>
         <run_address>0x3022f7</run_address>
         <size>0x2e</size>
         <input_file_ref idref="fl-d"/>
      </object_component>
      <object_component id="oc-2b6">
         <name>.text:_ti_sysbios_family_c28_Hwi_getInterruptFlag__E</name>
         <load_address>0x302325</load_address>
         <run_address>0x302325</run_address>
         <size>0x2d</size>
         <input_file_ref idref="fl-d"/>
      </object_component>
      <object_component id="oc-136">
         <name>.text:_ti_sysbios_heaps_HeapMem_getStats__E</name>
         <load_address>0x302352</load_address>
         <run_address>0x302352</run_address>
         <size>0x2d</size>
         <input_file_ref idref="fl-d"/>
      </object_component>
      <object_component id="oc-19e">
         <name>.text:_xdc_runtime_Assert_raise__I</name>
         <load_address>0x30237f</load_address>
         <run_address>0x30237f</run_address>
         <size>0x2d</size>
         <input_file_ref idref="fl-13"/>
      </object_component>
      <object_component id="oc-1cc">
         <name>.text:_xdc_runtime_Error_setX__E</name>
         <load_address>0x3023ac</load_address>
         <run_address>0x3023ac</run_address>
         <size>0x2d</size>
         <input_file_ref idref="fl-17"/>
      </object_component>
      <object_component id="oc-2c5">
         <name>.text:_xdc_runtime_Text_visitRope2__I</name>
         <load_address>0x3023d9</load_address>
         <run_address>0x3023d9</run_address>
         <size>0x2d</size>
         <input_file_ref idref="fl-1e"/>
      </object_component>
      <object_component id="oc-168">
         <name>.text:_ti_sysbios_family_c28_Timer_start__E</name>
         <load_address>0x302406</load_address>
         <run_address>0x302406</run_address>
         <size>0x2c</size>
         <input_file_ref idref="fl-d"/>
      </object_component>
      <object_component id="oc-252">
         <name>.text:_xdc_runtime_LoggerBuf_Object__create__S</name>
         <load_address>0x302432</load_address>
         <run_address>0x302432</run_address>
         <size>0x2c</size>
         <input_file_ref idref="fl-5"/>
      </object_component>
      <object_component id="oc-2ab">
         <name>.text:_xdc_runtime_Text_xprintf__I</name>
         <load_address>0x30245e</load_address>
         <run_address>0x30245e</run_address>
         <size>0x29</size>
         <input_file_ref idref="fl-1e"/>
      </object_component>
      <object_component id="oc-18a">
         <name>.text</name>
         <load_address>0x302487</load_address>
         <run_address>0x302487</run_address>
         <size>0x29</size>
         <input_file_ref idref="fl-33"/>
      </object_component>
      <object_component id="oc-2a5">
         <name>.text:_ti_sysbios_family_c28_Timer_getExpiredCounts64__E</name>
         <load_address>0x3024b0</load_address>
         <run_address>0x3024b0</run_address>
         <size>0x28</size>
         <input_file_ref idref="fl-d"/>
      </object_component>
      <object_component id="oc-17e">
         <name>.text:_ti_sysbios_heaps_HeapMem_init__I</name>
         <load_address>0x3024d8</load_address>
         <run_address>0x3024d8</run_address>
         <size>0x27</size>
         <input_file_ref idref="fl-d"/>
      </object_component>
      <object_component id="oc-1f4">
         <name>.text:_xdc_runtime_SysMin_flush__E</name>
         <load_address>0x3024ff</load_address>
         <run_address>0x3024ff</run_address>
         <size>0x26</size>
         <input_file_ref idref="fl-1d"/>
      </object_component>
      <object_component id="oc-2a1">
         <name>.text:_ti_sysbios_family_c28_TaskSupport_buildTaskStack</name>
         <load_address>0x302525</load_address>
         <run_address>0x302525</run_address>
         <size>0x25</size>
         <input_file_ref idref="fl-11"/>
      </object_component>
      <object_component id="oc-2a6">
         <name>.text:_ti_sysbios_family_c28_Timer_getExpiredCounts__E</name>
         <load_address>0x30254a</load_address>
         <run_address>0x30254a</run_address>
         <size>0x25</size>
         <input_file_ref idref="fl-d"/>
      </object_component>
      <object_component id="oc-11e">
         <name>.text:_main</name>
         <load_address>0x30256f</load_address>
         <run_address>0x30256f</run_address>
         <size>0x24</size>
         <input_file_ref idref="fl-2"/>
      </object_component>
      <object_component id="oc-f6">
         <name>.text</name>
         <load_address>0x302593</load_address>
         <run_address>0x302593</run_address>
         <size>0x24</size>
         <input_file_ref idref="fl-2f"/>
      </object_component>
      <object_component id="oc-11f">
         <name>.text:_xdc_runtime_System_processAtExit__E</name>
         <load_address>0x3025b7</load_address>
         <run_address>0x3025b7</run_address>
         <size>0x23</size>
         <input_file_ref idref="fl-1c"/>
      </object_component>
      <object_component id="oc-1ad">
         <name>.text:_ti_sysbios_knl_Task_allBlockedFunction__I</name>
         <load_address>0x3025da</load_address>
         <run_address>0x3025da</run_address>
         <size>0x22</size>
         <input_file_ref idref="fl-d"/>
      </object_component>
      <object_component id="oc-2b0">
         <name>.text:_ti_sysbios_family_c28_Timer_setPrescale__E</name>
         <load_address>0x3025fc</load_address>
         <run_address>0x3025fc</run_address>
         <size>0x20</size>
         <input_file_ref idref="fl-d"/>
      </object_component>
      <object_component id="oc-12a">
         <name>.text:_xdc_runtime_System_atexit__E</name>
         <load_address>0x30261c</load_address>
         <run_address>0x30261c</run_address>
         <size>0x20</size>
         <input_file_ref idref="fl-1c"/>
      </object_component>
      <object_component id="oc-245">
         <name>.text:_xdc_runtime_LoggerBuf_filterOutEvent__I</name>
         <load_address>0x30263c</load_address>
         <run_address>0x30263c</run_address>
         <size>0x1f</size>
         <input_file_ref idref="fl-19"/>
      </object_component>
      <object_component id="oc-222">
         <name>.text:_ti_sysbios_family_c28_TaskSupport_swap__E</name>
         <load_address>0x30265b</load_address>
         <run_address>0x30265b</run_address>
         <size>0x1d</size>
         <input_file_ref idref="fl-11"/>
      </object_component>
      <object_component id="oc-273">
         <name>.text:_ti_sysbios_gates_GateHwi_Object__create__S</name>
         <load_address>0x302678</load_address>
         <run_address>0x302678</run_address>
         <size>0x1d</size>
         <input_file_ref idref="fl-5"/>
      </object_component>
      <object_component id="oc-15b">
         <name>.text:_ti_sysbios_gates_GateMutex_Object__create__S</name>
         <load_address>0x302695</load_address>
         <run_address>0x302695</run_address>
         <size>0x1d</size>
         <input_file_ref idref="fl-5"/>
      </object_component>
      <object_component id="oc-137">
         <name>.text:_ti_sysbios_heaps_HeapMem_Object__create__S</name>
         <load_address>0x3026b2</load_address>
         <run_address>0x3026b2</run_address>
         <size>0x1d</size>
         <input_file_ref idref="fl-5"/>
      </object_component>
      <object_component id="oc-20e">
         <name>.text:_ti_sysbios_knl_Semaphore_construct</name>
         <load_address>0x3026cf</load_address>
         <run_address>0x3026cf</run_address>
         <size>0x1d</size>
         <input_file_ref idref="fl-5"/>
      </object_component>
      <object_component id="oc-1ce">
         <name>.text:_xdc_runtime_Error_policyLog__I</name>
         <load_address>0x3026ec</load_address>
         <run_address>0x3026ec</run_address>
         <size>0x1d</size>
         <input_file_ref idref="fl-5"/>
      </object_component>
      <object_component id="oc-288">
         <name>.text:_xdc_runtime_SysMin_putch__E</name>
         <load_address>0x302709</load_address>
         <run_address>0x302709</run_address>
         <size>0x1d</size>
         <input_file_ref idref="fl-1d"/>
      </object_component>
      <object_component id="oc-11a">
         <name>.text</name>
         <load_address>0x302726</load_address>
         <run_address>0x302726</run_address>
         <size>0x1d</size>
         <input_file_ref idref="fl-30"/>
      </object_component>
      <object_component id="oc-226">
         <name>.text:_ti_sysbios_hal_Hwi_checkStack</name>
         <load_address>0x302743</load_address>
         <run_address>0x302743</run_address>
         <size>0x1c</size>
         <input_file_ref idref="fl-d"/>
      </object_component>
      <object_component id="oc-134">
         <name>.text:_ti_sysbios_heaps_HeapMem_free__E</name>
         <load_address>0x30275f</load_address>
         <run_address>0x30275f</run_address>
         <size>0x1c</size>
         <input_file_ref idref="fl-d"/>
      </object_component>
      <object_component id="oc-276">
         <name>.text:_xdc_runtime_SysMin_output__I</name>
         <load_address>0x30277b</load_address>
         <run_address>0x30277b</run_address>
         <size>0x1c</size>
         <input_file_ref idref="fl-5"/>
      </object_component>
      <object_component id="oc-2c2">
         <name>.text:_ti_sysbios_family_c28_Hwi_switchAndDispatch__I</name>
         <load_address>0x302797</load_address>
         <run_address>0x302797</run_address>
         <size>0x1b</size>
         <input_file_ref idref="fl-e"/>
      </object_component>
      <object_component id="oc-17f">
         <name>.text:_ti_sysbios_hal_Hwi_initStack</name>
         <load_address>0x3027b2</load_address>
         <run_address>0x3027b2</run_address>
         <size>0x1b</size>
         <input_file_ref idref="fl-d"/>
      </object_component>
      <object_component id="oc-1ee">
         <name>.text:_ti_sysbios_knl_Task_processVitalTaskFlag__I</name>
         <load_address>0x3027cd</load_address>
         <run_address>0x3027cd</run_address>
         <size>0x1b</size>
         <input_file_ref idref="fl-d"/>
      </object_component>
      <object_component id="oc-2ac">
         <name>.text:_xdc_runtime_System_avprintf__E</name>
         <load_address>0x3027e8</load_address>
         <run_address>0x3027e8</run_address>
         <size>0x1a</size>
         <input_file_ref idref="fl-1c"/>
      </object_component>
      <object_component id="oc-283">
         <name>.text:_ti_sysbios_knl_Queue_construct</name>
         <load_address>0x302802</load_address>
         <run_address>0x302802</run_address>
         <size>0x19</size>
         <input_file_ref idref="fl-5"/>
      </object_component>
      <object_component id="oc-205">
         <name>.text:_ti_sysbios_knl_Semaphore_pendTimeout__I</name>
         <load_address>0x30281b</load_address>
         <run_address>0x30281b</run_address>
         <size>0x19</size>
         <input_file_ref idref="fl-d"/>
      </object_component>
      <object_component id="oc-16a">
         <name>.text:_ti_sysbios_knl_Swi_restore__E</name>
         <load_address>0x302834</load_address>
         <run_address>0x302834</run_address>
         <size>0x19</size>
         <input_file_ref idref="fl-d"/>
      </object_component>
      <object_component id="oc-181">
         <name>.text:_xdc_runtime_System_vprintf__E</name>
         <load_address>0x30284d</load_address>
         <run_address>0x30284d</run_address>
         <size>0x19</size>
         <input_file_ref idref="fl-1c"/>
      </object_component>
      <object_component id="oc-1f7">
         <name>.text:_ti_sysbios_family_xxx_Hwi_switchAndRunFunc</name>
         <load_address>0x302866</load_address>
         <run_address>0x302866</run_address>
         <size>0x18</size>
         <input_file_ref idref="fl-e"/>
      </object_component>
      <object_component id="oc-28b">
         <name>.text:_xdc_runtime_LoggerBuf_reset__E</name>
         <load_address>0x30287e</load_address>
         <run_address>0x30287e</run_address>
         <size>0x18</size>
         <input_file_ref idref="fl-19"/>
      </object_component>
      <object_component id="oc-232">
         <name>.text:_xdc_runtime_System_putchar__I</name>
         <load_address>0x302896</load_address>
         <run_address>0x302896</run_address>
         <size>0x18</size>
         <input_file_ref idref="fl-1c"/>
      </object_component>
      <object_component id="oc-12c">
         <name>.text:_ti_sysbios_family_c28_Timer_startup__E</name>
         <load_address>0x3028ae</load_address>
         <run_address>0x3028ae</run_address>
         <size>0x17</size>
         <input_file_ref idref="fl-d"/>
      </object_component>
      <object_component id="oc-124">
         <name>.text:_ti_sysbios_knl_Clock_doTick__I</name>
         <load_address>0x3028c5</load_address>
         <run_address>0x3028c5</run_address>
         <size>0x17</size>
         <input_file_ref idref="fl-5"/>
      </object_component>
      <object_component id="oc-1ac">
         <name>.text:_ti_sysbios_knl_Task_restore__E</name>
         <load_address>0x3028dc</load_address>
         <run_address>0x3028dc</run_address>
         <size>0x17</size>
         <input_file_ref idref="fl-d"/>
      </object_component>
      <object_component id="oc-263">
         <name>.text:_xdc_runtime_LoggerBuf_Module_startup__E</name>
         <load_address>0x3028f3</load_address>
         <run_address>0x3028f3</run_address>
         <size>0x17</size>
         <input_file_ref idref="fl-19"/>
      </object_component>
      <object_component id="oc-223">
         <name>.text:_xdc_runtime_Memory_valloc__E</name>
         <load_address>0x30290a</load_address>
         <run_address>0x30290a</run_address>
         <size>0x17</size>
         <input_file_ref idref="fl-1a"/>
      </object_component>
      <object_component id="oc-261">
         <name>.text:_xdc_runtime_SysMin_abort__E</name>
         <load_address>0x302921</load_address>
         <run_address>0x302921</run_address>
         <size>0x17</size>
         <input_file_ref idref="fl-1d"/>
      </object_component>
      <object_component id="oc-129">
         <name>.text:_ti_sysbios_BIOS_atExitFunc__I</name>
         <load_address>0x302938</load_address>
         <run_address>0x302938</run_address>
         <size>0x16</size>
         <input_file_ref idref="fl-5"/>
      </object_component>
      <object_component id="oc-268">
         <name>.text:_ti_sysbios_family_c28_Timer_Module_startup__E</name>
         <load_address>0x30294e</load_address>
         <run_address>0x30294e</run_address>
         <size>0x16</size>
         <input_file_ref idref="fl-d"/>
      </object_component>
      <object_component id="oc-2bc">
         <name>.text:_xdc_runtime_Text_printVisFxn__I</name>
         <load_address>0x302964</load_address>
         <run_address>0x302964</run_address>
         <size>0x16</size>
         <input_file_ref idref="fl-1e"/>
      </object_component>
      <object_component id="oc-10a">
         <name>.text:_ti_sysbios_BIOS_startFunc__I</name>
         <load_address>0x30297a</load_address>
         <run_address>0x30297a</run_address>
         <size>0x15</size>
         <input_file_ref idref="fl-5"/>
      </object_component>
      <object_component id="oc-26a">
         <name>.text:_ti_sysbios_knl_Swi_Module_startup__E</name>
         <load_address>0x30298f</load_address>
         <run_address>0x30298f</run_address>
         <size>0x15</size>
         <input_file_ref idref="fl-d"/>
      </object_component>
      <object_component id="oc-13a">
         <name>.text:_ti_sysbios_knl_Idle_run__E</name>
         <load_address>0x3029a4</load_address>
         <run_address>0x3029a4</run_address>
         <size>0x14</size>
         <input_file_ref idref="fl-d"/>
      </object_component>
      <object_component id="oc-142">
         <name>.text:_taskFxn</name>
         <load_address>0x3029b8</load_address>
         <run_address>0x3029b8</run_address>
         <size>0x13</size>
         <input_file_ref idref="fl-2"/>
      </object_component>
      <object_component id="oc-15c">
         <name>.text:_ti_sysbios_gates_GateMutex_Object__delete__S</name>
         <load_address>0x3029cb</load_address>
         <run_address>0x3029cb</run_address>
         <size>0x13</size>
         <input_file_ref idref="fl-5"/>
      </object_component>
      <object_component id="oc-269">
         <name>.text:_ti_sysbios_knl_Clock_Module_startup__E</name>
         <load_address>0x3029de</load_address>
         <run_address>0x3029de</run_address>
         <size>0x13</size>
         <input_file_ref idref="fl-d"/>
      </object_component>
      <object_component id="oc-1ec">
         <name>.text:_ti_sysbios_knl_Task_getMode__E</name>
         <load_address>0x3029f1</load_address>
         <run_address>0x3029f1</run_address>
         <size>0x13</size>
         <input_file_ref idref="fl-d"/>
      </object_component>
      <object_component id="oc-117">
         <name>.text:_xdc_runtime_Error_raiseX__E</name>
         <load_address>0x302a04</load_address>
         <run_address>0x302a04</run_address>
         <size>0x13</size>
         <input_file_ref idref="fl-17"/>
      </object_component>
      <object_component id="oc-274">
         <name>.text:_ti_sysbios_gates_GateHwi_Object__delete__S</name>
         <load_address>0x302a17</load_address>
         <run_address>0x302a17</run_address>
         <size>0x12</size>
         <input_file_ref idref="fl-5"/>
      </object_component>
      <object_component id="oc-138">
         <name>.text:_ti_sysbios_heaps_HeapMem_Object__delete__S</name>
         <load_address>0x302a29</load_address>
         <run_address>0x302a29</run_address>
         <size>0x12</size>
         <input_file_ref idref="fl-5"/>
      </object_component>
      <object_component id="oc-253">
         <name>.text:_xdc_runtime_LoggerBuf_Object__delete__S</name>
         <load_address>0x302a3b</load_address>
         <run_address>0x302a3b</run_address>
         <size>0x12</size>
         <input_file_ref idref="fl-5"/>
      </object_component>
      <object_component id="oc-f9">
         <name>.text</name>
         <load_address>0x302a4d</load_address>
         <run_address>0x302a4d</run_address>
         <size>0x12</size>
         <input_file_ref idref="fl-35"/>
      </object_component>
      <object_component id="oc-2c3">
         <name>.text:_ti_sysbios_knl_Task_restoreHwi__E</name>
         <load_address>0x302a5f</load_address>
         <run_address>0x302a5f</run_address>
         <size>0x11</size>
         <input_file_ref idref="fl-d"/>
      </object_component>
      <object_component id="oc-228">
         <name>.text:_ti_sysbios_BIOS_errorRaiseHook__I</name>
         <load_address>0x302a70</load_address>
         <run_address>0x302a70</run_address>
         <size>0x10</size>
         <input_file_ref idref="fl-5"/>
      </object_component>
      <object_component id="oc-2af">
         <name>.text:_ti_sysbios_family_c28_Timer_stop__E</name>
         <load_address>0x302a80</load_address>
         <run_address>0x302a80</run_address>
         <size>0x10</size>
         <input_file_ref idref="fl-d"/>
      </object_component>
      <object_component id="oc-265">
         <name>.text:_xdc_runtime_SysMin_Module_startup__E</name>
         <load_address>0x302a90</load_address>
         <run_address>0x302a90</run_address>
         <size>0x10</size>
         <input_file_ref idref="fl-1d"/>
      </object_component>
      <object_component id="oc-118">
         <name>.text:.bootCodeSection:_ti_catalog_c2800_init_Boot_disableWatchdog</name>
         <load_address>0x302aa0</load_address>
         <run_address>0x302aa0</run_address>
         <size>0xf</size>
         <input_file_ref idref="fl-12"/>
      </object_component>
      <object_component id="oc-130">
         <name>.text:_ti_sysbios_BIOS_removeRTSLock__I</name>
         <load_address>0x302aaf</load_address>
         <run_address>0x302aaf</run_address>
         <size>0xf</size>
         <input_file_ref idref="fl-5"/>
      </object_component>
      <object_component id="oc-1a3">
         <name>.text:_ti_sysbios_gates_GateMutex_Instance_init__E</name>
         <load_address>0x302abe</load_address>
         <run_address>0x302abe</run_address>
         <size>0xf</size>
         <input_file_ref idref="fl-d"/>
      </object_component>
      <object_component id="oc-198">
         <name>.text:_xdc_runtime_LoggerBuf_write2__E</name>
         <load_address>0x302acd</load_address>
         <run_address>0x302acd</run_address>
         <size>0xf</size>
         <input_file_ref idref="fl-19"/>
      </object_component>
      <object_component id="oc-2ba">
         <name>.text:_xdc_runtime_Registry_findById__E</name>
         <load_address>0x302adc</load_address>
         <run_address>0x302adc</run_address>
         <size>0xf</size>
         <input_file_ref idref="fl-21"/>
      </object_component>
      <object_component id="oc-1d4">
         <name>.text:_ti_sysbios_heaps_HeapMem_Object__get__S</name>
         <load_address>0x302aeb</load_address>
         <run_address>0x302aeb</run_address>
         <size>0xe</size>
         <input_file_ref idref="fl-5"/>
      </object_component>
      <object_component id="oc-20f">
         <name>.text:_ti_sysbios_knl_Semaphore_destruct</name>
         <load_address>0x302af9</load_address>
         <run_address>0x302af9</run_address>
         <size>0xe</size>
         <input_file_ref idref="fl-5"/>
      </object_component>
      <object_component id="oc-298">
         <name>.text:_ti_sysbios_knl_Swi_Object__get__S</name>
         <load_address>0x302b07</load_address>
         <run_address>0x302b07</run_address>
         <size>0xe</size>
         <input_file_ref idref="fl-5"/>
      </object_component>
      <object_component id="oc-29b">
         <name>.text:_ti_sysbios_knl_Task_Object__get__S</name>
         <load_address>0x302b15</load_address>
         <run_address>0x302b15</run_address>
         <size>0xe</size>
         <input_file_ref idref="fl-5"/>
      </object_component>
      <object_component id="oc-28a">
         <name>.text:_xdc_runtime_LoggerBuf_Object__get__S</name>
         <load_address>0x302b23</load_address>
         <run_address>0x302b23</run_address>
         <size>0xe</size>
         <input_file_ref idref="fl-5"/>
      </object_component>
      <object_component id="oc-12b">
         <name>.text:_ti_sysbios_BIOS_registerRTSLock__I</name>
         <load_address>0x302b31</load_address>
         <run_address>0x302b31</run_address>
         <size>0xd</size>
         <input_file_ref idref="fl-5"/>
      </object_component>
      <object_component id="oc-165">
         <name>.text:_ti_sysbios_BIOS_rtsLock__I</name>
         <load_address>0x302b3e</load_address>
         <run_address>0x302b3e</run_address>
         <size>0xd</size>
         <input_file_ref idref="fl-5"/>
      </object_component>
      <object_component id="oc-2be">
         <name>.text:_ti_sysbios_family_c28_Hwi_dispatchC__I</name>
         <load_address>0x302b4b</load_address>
         <run_address>0x302b4b</run_address>
         <size>0xd</size>
         <input_file_ref idref="fl-d"/>
      </object_component>
      <object_component id="oc-1e1">
         <name>.text:_ti_sysbios_knl_Clock_enqueueI__E</name>
         <load_address>0x302b58</load_address>
         <run_address>0x302b58</run_address>
         <size>0xd</size>
         <input_file_ref idref="fl-d"/>
      </object_component>
      <object_component id="oc-284">
         <name>.text:_ti_sysbios_knl_Queue_destruct</name>
         <load_address>0x302b65</load_address>
         <run_address>0x302b65</run_address>
         <size>0xd</size>
         <input_file_ref idref="fl-5"/>
      </object_component>
      <object_component id="oc-23c">
         <name>.text:_ti_sysbios_knl_Task_enter__I</name>
         <load_address>0x302b72</load_address>
         <run_address>0x302b72</run_address>
         <size>0xd</size>
         <input_file_ref idref="fl-d"/>
      </object_component>
      <object_component id="oc-1dc">
         <name>.text:_ti_sysbios_knl_Task_sleepTimeout__I</name>
         <load_address>0x302b7f</load_address>
         <run_address>0x302b7f</run_address>
         <size>0xd</size>
         <input_file_ref idref="fl-d"/>
      </object_component>
      <object_component id="oc-236">
         <name>.text:_xdc_runtime_Error_check__E</name>
         <load_address>0x302b8c</load_address>
         <run_address>0x302b8c</run_address>
         <size>0xd</size>
         <input_file_ref idref="fl-17"/>
      </object_component>
      <object_component id="oc-24f">
         <name>.text:_xdc_runtime_LoggerBuf_write0__E</name>
         <load_address>0x302b99</load_address>
         <run_address>0x302b99</run_address>
         <size>0xd</size>
         <input_file_ref idref="fl-19"/>
      </object_component>
      <object_component id="oc-195">
         <name>.text:_xdc_runtime_LoggerBuf_write1__E</name>
         <load_address>0x302ba6</load_address>
         <run_address>0x302ba6</run_address>
         <size>0xd</size>
         <input_file_ref idref="fl-19"/>
      </object_component>
      <object_component id="oc-1d2">
         <name>.text:_xdc_runtime_System_abort__E</name>
         <load_address>0x302bb3</load_address>
         <run_address>0x302bb3</run_address>
         <size>0xd</size>
         <input_file_ref idref="fl-1c"/>
      </object_component>
      <object_component id="oc-10b">
         <name>.text:_ti_sysbios_BIOS_exitFunc__I</name>
         <load_address>0x302bc0</load_address>
         <run_address>0x302bc0</run_address>
         <size>0xc</size>
         <input_file_ref idref="fl-5"/>
      </object_component>
      <object_component id="oc-2c4">
         <name>.text:_ti_sysbios_family_c28_Hwi_disableIER__E</name>
         <load_address>0x302bcc</load_address>
         <run_address>0x302bcc</run_address>
         <size>0xc</size>
         <input_file_ref idref="fl-5"/>
      </object_component>
      <object_component id="oc-15a">
         <name>.text:_ti_sysbios_gates_GateMutex_leave__E</name>
         <load_address>0x302bd8</load_address>
         <run_address>0x302bd8</run_address>
         <size>0xc</size>
         <input_file_ref idref="fl-d"/>
      </object_component>
      <object_component id="oc-241">
         <name>.text:_ti_sysbios_knl_Queue_put__E</name>
         <load_address>0x302be4</load_address>
         <run_address>0x302be4</run_address>
         <size>0xc</size>
         <input_file_ref idref="fl-d"/>
      </object_component>
      <object_component id="oc-1df">
         <name>.text:_ti_sysbios_knl_Task_enabled__E</name>
         <load_address>0x302bf0</load_address>
         <run_address>0x302bf0</run_address>
         <size>0xc</size>
         <input_file_ref idref="fl-d"/>
      </object_component>
      <object_component id="oc-189">
         <name>.text:_xdc_runtime_SysMin_exit__E</name>
         <load_address>0x302bfc</load_address>
         <run_address>0x302bfc</run_address>
         <size>0xc</size>
         <input_file_ref idref="fl-1d"/>
      </object_component>
      <object_component id="oc-29d">
         <name>.text:_ti_sysbios_family_c28_Hwi_Module__startupDone__F</name>
         <load_address>0x302c08</load_address>
         <run_address>0x302c08</run_address>
         <size>0xb</size>
         <input_file_ref idref="fl-5"/>
      </object_component>
      <object_component id="oc-293">
         <name>.text:_ti_sysbios_family_c28_Hwi_Object__get__S</name>
         <load_address>0x302c13</load_address>
         <run_address>0x302c13</run_address>
         <size>0xb</size>
         <input_file_ref idref="fl-5"/>
      </object_component>
      <object_component id="oc-216">
         <name>.text:_ti_sysbios_family_c28_Hwi_enableIER__E</name>
         <load_address>0x302c1e</load_address>
         <run_address>0x302c1e</run_address>
         <size>0xb</size>
         <input_file_ref idref="fl-5"/>
      </object_component>
      <object_component id="oc-295">
         <name>.text:_ti_sysbios_family_c28_Timer_Module__startupDone__F</name>
         <load_address>0x302c29</load_address>
         <run_address>0x302c29</run_address>
         <size>0xb</size>
         <input_file_ref idref="fl-5"/>
      </object_component>
      <object_component id="oc-23e">
         <name>.text:_ti_sysbios_knl_Queue_Object__get__S</name>
         <load_address>0x302c34</load_address>
         <run_address>0x302c34</run_address>
         <size>0xb</size>
         <input_file_ref idref="fl-5"/>
      </object_component>
      <object_component id="oc-23d">
         <name>.text:_ti_sysbios_knl_Task_SupportProxy_start__E</name>
         <load_address>0x302c3f</load_address>
         <run_address>0x302c3f</run_address>
         <size>0xb</size>
         <input_file_ref idref="fl-5"/>
      </object_component>
      <object_component id="oc-23f">
         <name>.text:_ti_sysbios_knl_Task_unblock__E</name>
         <load_address>0x302c4a</load_address>
         <run_address>0x302c4a</run_address>
         <size>0xb</size>
         <input_file_ref idref="fl-d"/>
      </object_component>
      <object_component id="oc-280">
         <name>.text:_xdc_runtime_LoggerBuf_Instance_finalize__E</name>
         <load_address>0x302c55</load_address>
         <run_address>0x302c55</run_address>
         <size>0xb</size>
         <input_file_ref idref="fl-19"/>
      </object_component>
      <object_component id="oc-fa">
         <name>.text:_xdc_runtime_System_exit__E</name>
         <load_address>0x302c60</load_address>
         <run_address>0x302c60</run_address>
         <size>0xb</size>
         <input_file_ref idref="fl-1c"/>
      </object_component>
      <object_component id="oc-141">
         <name>.text:_xdc_runtime_Error_init__E</name>
         <load_address>0x302c6b</load_address>
         <run_address>0x302c6b</run_address>
         <size>0xa</size>
         <input_file_ref idref="fl-17"/>
      </object_component>
      <object_component id="oc-1ca">
         <name>.text:_xdc_runtime_Memory_free__E</name>
         <load_address>0x302c75</load_address>
         <run_address>0x302c75</run_address>
         <size>0xa</size>
         <input_file_ref idref="fl-1a"/>
      </object_component>
      <object_component id="oc-2bd">
         <name>.text:_xdc_runtime_System_vsnprintf__E</name>
         <load_address>0x302c7f</load_address>
         <run_address>0x302c7f</run_address>
         <size>0xa</size>
         <input_file_ref idref="fl-1c"/>
      </object_component>
      <object_component id="oc-1fb">
         <name>.text:_xdc_runtime_Text_ropeText__E</name>
         <load_address>0x302c89</load_address>
         <run_address>0x302c89</run_address>
         <size>0xa</size>
         <input_file_ref idref="fl-1e"/>
      </object_component>
      <object_component id="oc-166">
         <name>.text:_ti_sysbios_BIOS_rtsUnlock__I</name>
         <load_address>0x302c93</load_address>
         <run_address>0x302c93</run_address>
         <size>0x9</size>
         <input_file_ref idref="fl-5"/>
      </object_component>
      <object_component id="oc-21a">
         <name>.text:_ti_sysbios_family_c28_Hwi_restoreIER__E</name>
         <load_address>0x302c9c</load_address>
         <run_address>0x302c9c</run_address>
         <size>0x9</size>
         <input_file_ref idref="fl-5"/>
      </object_component>
      <object_component id="oc-25c">
         <name>.text:_ti_sysbios_family_c28_TaskSupport_checkStack__E</name>
         <load_address>0x302ca5</load_address>
         <run_address>0x302ca5</run_address>
         <size>0x9</size>
         <input_file_ref idref="fl-d"/>
      </object_component>
      <object_component id="oc-2b2">
         <name>.text:_ti_sysbios_family_c28_TaskSupport_glue</name>
         <load_address>0x302cae</load_address>
         <run_address>0x302cae</run_address>
         <size>0x9</size>
         <input_file_ref idref="fl-11"/>
      </object_component>
      <object_component id="oc-275">
         <name>.text:_ti_sysbios_gates_GateHwi_Handle__label__S</name>
         <load_address>0x302cb7</load_address>
         <run_address>0x302cb7</run_address>
         <size>0x9</size>
         <input_file_ref idref="fl-5"/>
      </object_component>
      <object_component id="oc-15d">
         <name>.text:_ti_sysbios_gates_GateMutex_Handle__label__S</name>
         <load_address>0x302cc0</load_address>
         <run_address>0x302cc0</run_address>
         <size>0x9</size>
         <input_file_ref idref="fl-5"/>
      </object_component>
      <object_component id="oc-26c">
         <name>.text:_ti_sysbios_hal_Hwi_Module_startup__E</name>
         <load_address>0x302cc9</load_address>
         <run_address>0x302cc9</run_address>
         <size>0x9</size>
         <input_file_ref idref="fl-d"/>
      </object_component>
      <object_component id="oc-139">
         <name>.text:_ti_sysbios_heaps_HeapMem_Handle__label__S</name>
         <load_address>0x302cd2</load_address>
         <run_address>0x302cd2</run_address>
         <size>0x9</size>
         <input_file_ref idref="fl-5"/>
      </object_component>
      <object_component id="oc-254">
         <name>.text:_xdc_runtime_LoggerBuf_Handle__label__S</name>
         <load_address>0x302cdb</load_address>
         <run_address>0x302cdb</run_address>
         <size>0x9</size>
         <input_file_ref idref="fl-5"/>
      </object_component>
      <object_component id="oc-13f">
         <name>.text:_xdc_runtime_Startup_exec__I</name>
         <load_address>0x302ce4</load_address>
         <run_address>0x302ce4</run_address>
         <size>0x9</size>
         <input_file_ref idref="fl-5"/>
      </object_component>
      <object_component id="oc-2c1">
         <name>.text:_xdc_runtime_Text_visitRope__I</name>
         <load_address>0x302ced</load_address>
         <run_address>0x302ced</run_address>
         <size>0x9</size>
         <input_file_ref idref="fl-5"/>
      </object_component>
      <object_component id="oc-160">
         <name>.text</name>
         <load_address>0x302cf6</load_address>
         <run_address>0x302cf6</run_address>
         <size>0x9</size>
         <input_file_ref idref="fl-34"/>
      </object_component>
      <object_component id="oc-131">
         <name>.text:_ti_sysbios_BIOS_setThreadType__E</name>
         <load_address>0x302cff</load_address>
         <run_address>0x302cff</run_address>
         <size>0x8</size>
         <input_file_ref idref="fl-d"/>
      </object_component>
      <object_component id="oc-1a4">
         <name>.text:_ti_sysbios_gates_GateMutex_Instance_finalize__E</name>
         <load_address>0x302d07</load_address>
         <run_address>0x302d07</run_address>
         <size>0x8</size>
         <input_file_ref idref="fl-d"/>
      </object_component>
      <object_component id="oc-158">
         <name>.text:_ti_sysbios_gates_GateMutex_query__E</name>
         <load_address>0x302d0f</load_address>
         <run_address>0x302d0f</run_address>
         <size>0x8</size>
         <input_file_ref idref="fl-d"/>
      </object_component>
      <object_component id="oc-25a">
         <name>.text:_ti_sysbios_knl_Semaphore_Instance_finalize__E</name>
         <load_address>0x302d17</load_address>
         <run_address>0x302d17</run_address>
         <size>0x8</size>
         <input_file_ref idref="fl-d"/>
      </object_component>
      <object_component id="oc-238">
         <name>.text:_xdc_runtime_IHeap_alloc</name>
         <load_address>0x302d1f</load_address>
         <run_address>0x302d1f</run_address>
         <size>0x8</size>
         <input_file_ref idref="fl-5"/>
      </object_component>
      <object_component id="oc-1c7">
         <name>.text:_xdc_runtime_Memory_calloc__E</name>
         <load_address>0x302d27</load_address>
         <run_address>0x302d27</run_address>
         <size>0x8</size>
         <input_file_ref idref="fl-1a"/>
      </object_component>
      <object_component id="oc-22e">
         <name>.text:_xdc_runtime_SysMin_ready__E</name>
         <load_address>0x302d2f</load_address>
         <run_address>0x302d2f</run_address>
         <size>0x8</size>
         <input_file_ref idref="fl-1d"/>
      </object_component>
      <object_component id="oc-230">
         <name>.text</name>
         <load_address>0x302d37</load_address>
         <run_address>0x302d37</run_address>
         <size>0x8</size>
         <input_file_ref idref="fl-38"/>
      </object_component>
      <object_component id="oc-f5">
         <name>.text:.bootCodeSection:_ti_catalog_c2800_init_Boot_init</name>
         <load_address>0x302d3f</load_address>
         <run_address>0x302d3f</run_address>
         <size>0x7</size>
         <input_file_ref idref="fl-5"/>
      </object_component>
      <object_component id="oc-14a">
         <name>.text:_ti_sysbios_knl_Queue_empty__E</name>
         <load_address>0x302d46</load_address>
         <run_address>0x302d46</run_address>
         <size>0x7</size>
         <input_file_ref idref="fl-d"/>
      </object_component>
      <object_component id="oc-287">
         <name>.text:_xdc_runtime_System_aprintf__E</name>
         <load_address>0x302d4d</load_address>
         <run_address>0x302d4d</run_address>
         <size>0x7</size>
         <input_file_ref idref="fl-5"/>
      </object_component>
      <object_component id="oc-140">
         <name>.text:_xdc_runtime_System_printf__E</name>
         <load_address>0x302d54</load_address>
         <run_address>0x302d54</run_address>
         <size>0x7</size>
         <input_file_ref idref="fl-5"/>
      </object_component>
      <object_component id="oc-25d">
         <name>.text</name>
         <load_address>0x302d5b</load_address>
         <run_address>0x302d5b</run_address>
         <size>0x7</size>
         <input_file_ref idref="fl-36"/>
      </object_component>
      <object_component id="oc-144">
         <name>.text:_ti_sysbios_BIOS_exit__E</name>
         <load_address>0x302d62</load_address>
         <run_address>0x302d62</run_address>
         <size>0x6</size>
         <input_file_ref idref="fl-d"/>
      </object_component>
      <object_component id="oc-145">
         <name>.text:_ti_sysbios_BIOS_start__E</name>
         <load_address>0x302d68</load_address>
         <run_address>0x302d68</run_address>
         <size>0x6</size>
         <input_file_ref idref="fl-d"/>
      </object_component>
      <object_component id="oc-1ae">
         <name>.text:_ti_sysbios_family_c28_IntrinsicsSupport_maxbit__E</name>
         <load_address>0x302d6e</load_address>
         <run_address>0x302d6e</run_address>
         <size>0x6</size>
         <input_file_ref idref="fl-10"/>
      </object_component>
      <object_component id="oc-121">
         <name>.text:_ti_sysbios_family_c28_TimestampProvider_rolloverFunc__E</name>
         <load_address>0x302d74</load_address>
         <run_address>0x302d74</run_address>
         <size>0x6</size>
         <input_file_ref idref="fl-d"/>
      </object_component>
      <object_component id="oc-17d">
         <name>.text:_ti_sysbios_family_c28_TimestampProvider_startTimer__E</name>
         <load_address>0x302d7a</load_address>
         <run_address>0x302d7a</run_address>
         <size>0x6</size>
         <input_file_ref idref="fl-d"/>
      </object_component>
      <object_component id="oc-15e">
         <name>.text:_ti_sysbios_knl_Swi_disable__E</name>
         <load_address>0x302d80</load_address>
         <run_address>0x302d80</run_address>
         <size>0x6</size>
         <input_file_ref idref="fl-d"/>
      </object_component>
      <object_component id="oc-15f">
         <name>.text:_ti_sysbios_knl_Task_disable__E</name>
         <load_address>0x302d86</load_address>
         <run_address>0x302d86</run_address>
         <size>0x6</size>
         <input_file_ref idref="fl-d"/>
      </object_component>
      <object_component id="oc-146">
         <name>.text:_xdc_runtime_Gate_enterSystem__E</name>
         <load_address>0x302d8c</load_address>
         <run_address>0x302d8c</run_address>
         <size>0x6</size>
         <input_file_ref idref="fl-18"/>
      </object_component>
      <object_component id="oc-164">
         <name>.text:_xdc_runtime_Gate_leaveSystem__E</name>
         <load_address>0x302d92</load_address>
         <run_address>0x302d92</run_address>
         <size>0x6</size>
         <input_file_ref idref="fl-18"/>
      </object_component>
      <object_component id="oc-24d">
         <name>.text:_xdc_runtime_LoggerBuf_enable__E</name>
         <load_address>0x302d98</load_address>
         <run_address>0x302d98</run_address>
         <size>0x6</size>
         <input_file_ref idref="fl-19"/>
      </object_component>
      <object_component id="oc-221">
         <name>.text:_ti_sysbios_family_c28_Hwi_switchFromBootStack__E</name>
         <load_address>0x302d9e</load_address>
         <run_address>0x302d9e</run_address>
         <size>0x5</size>
         <input_file_ref idref="fl-d"/>
      </object_component>
      <object_component id="oc-1f1">
         <name>.text:_ti_sysbios_gates_GateHwi_enter__E</name>
         <load_address>0x302da3</load_address>
         <run_address>0x302da3</run_address>
         <size>0x5</size>
         <input_file_ref idref="fl-d"/>
      </object_component>
      <object_component id="oc-24e">
         <name>.text:_xdc_runtime_LoggerBuf_disable__E</name>
         <load_address>0x302da8</load_address>
         <run_address>0x302da8</run_address>
         <size>0x5</size>
         <input_file_ref idref="fl-19"/>
      </object_component>
      <object_component id="oc-169">
         <name>.text:_ti_sysbios_family_c28_Hwi_startup__E</name>
         <load_address>0x302dad</load_address>
         <run_address>0x302dad</run_address>
         <size>0x4</size>
         <input_file_ref idref="fl-5"/>
      </object_component>
      <object_component id="oc-235">
         <name>.text:_ti_sysbios_family_c28_TaskSupport_getStackAlignment__E</name>
         <load_address>0x302db1</load_address>
         <run_address>0x302db1</run_address>
         <size>0x4</size>
         <input_file_ref idref="fl-d"/>
      </object_component>
      <object_component id="oc-135">
         <name>.text:_ti_sysbios_heaps_HeapMem_isBlocking__E</name>
         <load_address>0x302db5</load_address>
         <run_address>0x302db5</run_address>
         <size>0x4</size>
         <input_file_ref idref="fl-d"/>
      </object_component>
      <object_component id="oc-12e">
         <name>.text:_ti_sysbios_knl_Swi_startup__E</name>
         <load_address>0x302db9</load_address>
         <run_address>0x302db9</run_address>
         <size>0x4</size>
         <input_file_ref idref="fl-d"/>
      </object_component>
      <object_component id="oc-225">
         <name>.text:_xdc_runtime_IHeap_free</name>
         <load_address>0x302dbd</load_address>
         <run_address>0x302dbd</run_address>
         <size>0x4</size>
         <input_file_ref idref="fl-5"/>
      </object_component>
      <object_component id="oc-237">
         <name>.text:_xdc_runtime_Memory_getMaxDefaultTypeAlign__E</name>
         <load_address>0x302dc1</load_address>
         <run_address>0x302dc1</run_address>
         <size>0x4</size>
         <input_file_ref idref="fl-1a"/>
      </object_component>
      <object_component id="oc-127">
         <name>.text:_xdc_runtime_Startup_rtsDone__E</name>
         <load_address>0x302dc5</load_address>
         <run_address>0x302dc5</run_address>
         <size>0x4</size>
         <input_file_ref idref="fl-1b"/>
      </object_component>
      <object_component id="oc-fb">
         <name>.text:___xdc__init</name>
         <load_address>0x302dc9</load_address>
         <run_address>0x302dc9</run_address>
         <size>0x3</size>
         <input_file_ref idref="fl-1f"/>
      </object_component>
      <object_component id="oc-13c">
         <name>.text:_ti_catalog_c2800_init_Boot_limpAbort</name>
         <load_address>0x302dcc</load_address>
         <run_address>0x302dcc</run_address>
         <size>0x3</size>
         <input_file_ref idref="fl-5"/>
      </object_component>
      <object_component id="oc-1a8">
         <name>.text:_ti_sysbios_BIOS_RtsGateProxy_enter__E</name>
         <load_address>0x302dcf</load_address>
         <run_address>0x302dcf</run_address>
         <size>0x3</size>
         <input_file_ref idref="fl-5"/>
      </object_component>
      <object_component id="oc-1a9">
         <name>.text:_ti_sysbios_BIOS_RtsGateProxy_leave__E</name>
         <load_address>0x302dd2</load_address>
         <run_address>0x302dd2</run_address>
         <size>0x3</size>
         <input_file_ref idref="fl-5"/>
      </object_component>
      <object_component id="oc-2c0">
         <name>.text:_ti_sysbios_family_c28_Hwi_getIFR__I</name>
         <load_address>0x302dd5</load_address>
         <run_address>0x302dd5</run_address>
         <size>0x3</size>
         <input_file_ref idref="fl-e"/>
      </object_component>
      <object_component id="oc-210">
         <name>.text:_ti_sysbios_gates_GateHwi_leave__E</name>
         <load_address>0x302dd8</load_address>
         <run_address>0x302dd8</run_address>
         <size>0x3</size>
         <input_file_ref idref="fl-d"/>
      </object_component>
      <object_component id="oc-1d5">
         <name>.text:_ti_sysbios_hal_Hwi_HwiProxy_getStackInfo__E</name>
         <load_address>0x302ddb</load_address>
         <run_address>0x302ddb</run_address>
         <size>0x3</size>
         <input_file_ref idref="fl-5"/>
      </object_component>
      <object_component id="oc-1b8">
         <name>.text:_ti_sysbios_hal_Hwi_HwiProxy_switchFromBootStack__E</name>
         <load_address>0x302dde</load_address>
         <run_address>0x302dde</run_address>
         <size>0x3</size>
         <input_file_ref idref="fl-5"/>
      </object_component>
      <object_component id="oc-12d">
         <name>.text:_ti_sysbios_hal_Hwi_startup__E</name>
         <load_address>0x302de1</load_address>
         <run_address>0x302de1</run_address>
         <size>0x3</size>
         <input_file_ref idref="fl-d"/>
      </object_component>
[...]
         <value>0x302df0</value>
         <object_component_ref idref="oc-114"/>
      </symbol>
      <symbol id="sm-834">
         <name>_ti_sysbios_BIOS_start__E</name>
         <value>0x302d68</value>
         <object_component_ref idref="oc-145"/>
      </symbol>
      <symbol id="sm-836">
         <name>_ti_sysbios_heaps_HeapMem_allocUnprotected__E</name>
         <value>0x3005b4</value>
         <object_component_ref idref="oc-170"/>
      </symbol>
      <symbol id="sm-838">
         <name>_ti_sysbios_knl_Task_restoreHwi__E</name>
         <value>0x302a5f</value>
         <object_component_ref idref="oc-2c3"/>
      </symbol>
      <symbol id="sm-8e2">
         <name>_ti_sysbios_family_c28_Hwi_getIFR__I</name>
         <value>0x302dd5</value>
         <object_component_ref idref="oc-2c0"/>
      </symbol>
      <symbol id="sm-8e3">
         <name>_ti_sysbios_family_c28_Hwi_switchAndDispatch__I</name>
         <value>0x302797</value>
         <object_component_ref idref="oc-2c2"/>
      </symbol>
      <symbol id="sm-8e4">
         <name>_ti_sysbios_family_c28_Hwi_interruptReturn__I</name>
         <value>0x302e39</value>
         <object_component_ref idref="oc-217"/>
      </symbol>
      <symbol id="sm-8e5">
         <name>_ti_sysbios_family_xxx_Hwi_switchAndRunFunc</name>
         <value>0x302866</value>
         <object_component_ref idref="oc-1f7"/>
      </symbol>
      <symbol id="sm-985">
         <name>_ti_sysbios_family_c28_Hwi_dispatchTable</name>
         <value>0x301390</value>
         <object_component_ref idref="oc-2ad"/>
      </symbol>
      <symbol id="sm-986">
         <name>_ti_sysbios_family_c28_Hwi_dispatchPie</name>
         <value>0x3013ed</value>
         <object_component_ref idref="oc-2ad"/>
      </symbol>
      <symbol id="sm-992">
         <name>_ti_sysbios_family_c28_IntrinsicsSupport_maxbit__E</name>
         <value>0x302d6e</value>
         <object_component_ref idref="oc-1ae"/>
      </symbol>
      <symbol id="sm-9a2">
         <name>_ti_sysbios_family_c28_TaskSupport_buildTaskStack</name>
         <value>0x302525</value>
         <object_component_ref idref="oc-2a1"/>
      </symbol>
      <symbol id="sm-9a3">
         <name>_ti_sysbios_family_c28_TaskSupport_swap__E</name>
         <value>0x30265b</value>
         <object_component_ref idref="oc-222"/>
      </symbol>
      <symbol id="sm-9a4">
         <name>_ti_sysbios_family_c28_TaskSupport_glue</name>
         <value>0x302cae</value>
         <object_component_ref idref="oc-2b2"/>
      </symbol>
      <symbol id="sm-9b7">
         <name>_ti_catalog_c2800_init_Boot_configurePll2802x</name>
         <value>0x30226d</value>
         <object_component_ref idref="oc-119"/>
      </symbol>
      <symbol id="sm-9b8">
         <name>_ti_catalog_c2800_init_Boot_disableWatchdog</name>
         <value>0x302aa0</value>
         <object_component_ref idref="oc-118"/>
      </symbol>
      <symbol id="sm-9b9">
         <name>_ti_catalog_c2800_init_Boot_defaultLimpAbortFunction</name>
         <value>0x302e2c</value>
         <object_component_ref idref="oc-17c"/>
      </symbol>
      <symbol id="sm-9cd">
         <name>_xdc_runtime_Assert_raise__I</name>
         <value>0x30237f</value>
         <object_component_ref idref="oc-19e"/>
      </symbol>
      <symbol id="sm-9ec">
         <name>_xdc_runtime_Core_deleteObject__I</name>
         <value>0x301edd</value>
         <object_component_ref idref="oc-179"/>
      </symbol>
      <symbol id="sm-9ed">
         <name>_xdc_runtime_Core_createObject__I</name>
         <value>0x3012f0</value>
         <object_component_ref idref="oc-177"/>
      </symbol>
      <symbol id="sm-a05">
         <name>_xdc_runtime_Core_constructObject__I</name>
         <value>0x301551</value>
         <object_component_ref idref="oc-258"/>
      </symbol>
      <symbol id="sm-a13">
         <name>_xdc_runtime_Core_assignParams__I</name>
         <value>0x30220f</value>
         <object_component_ref idref="oc-1c6"/>
      </symbol>
      <symbol id="sm-a3e">
         <name>_xdc_runtime_Error_getSite__E</name>
         <value>0x302e34</value>
         <object_component_ref idref="oc-285"/>
      </symbol>
      <symbol id="sm-a3f">
         <name>_xdc_runtime_Error_print__E</name>
         <value>0x3021ae</value>
         <object_component_ref idref="oc-260"/>
      </symbol>
      <symbol id="sm-a40">
         <name>_xdc_runtime_Error_policyDefault__E</name>
         <value>0x301b9f</value>
         <object_component_ref idref="oc-17b"/>
      </symbol>
      <symbol id="sm-a41">
         <name>_xdc_runtime_Error_init__E</name>
         <value>0x302c6b</value>
         <object_component_ref idref="oc-141"/>
      </symbol>
      <symbol id="sm-a42">
         <name>_xdc_runtime_Error_raiseX__E</name>
         <value>0x302a04</value>
         <object_component_ref idref="oc-117"/>
      </symbol>
      <symbol id="sm-a43">
         <name>_xdc_runtime_Error_check__E</name>
         <value>0x302b8c</value>
         <object_component_ref idref="oc-236"/>
      </symbol>
      <symbol id="sm-a44">
         <name>_xdc_runtime_Error_setX__E</name>
         <value>0x3023ac</value>
         <object_component_ref idref="oc-1cc"/>
      </symbol>
      <symbol id="sm-a52">
         <name>_xdc_runtime_Gate_leaveSystem__E</name>
         <value>0x302d92</value>
         <object_component_ref idref="oc-164"/>
      </symbol>
      <symbol id="sm-a53">
         <name>_xdc_runtime_Gate_enterSystem__E</name>
         <value>0x302d8c</value>
         <object_component_ref idref="oc-146"/>
      </symbol>
      <symbol id="sm-aa2">
         <name>_xdc_runtime_LoggerBuf_write0__E</name>
         <value>0x302b99</value>
         <object_component_ref idref="oc-24f"/>
      </symbol>
      <symbol id="sm-aa3">
         <name>_xdc_runtime_LoggerBuf_Instance_init__E</name>
         <value>0x3021df</value>
         <object_component_ref idref="oc-27f"/>
      </symbol>
      <symbol id="sm-aa4">
         <name>_xdc_runtime_LoggerBuf_Module_startup__E</name>
         <value>0x3028f3</value>
         <object_component_ref idref="oc-263"/>
      </symbol>
      <symbol id="sm-aa5">
         <name>_xdc_runtime_LoggerBuf_reset__E</name>
         <value>0x30287e</value>
         <object_component_ref idref="oc-28b"/>
      </symbol>
      <symbol id="sm-aa6">
         <name>_xdc_runtime_LoggerBuf_Instance_finalize__E</name>
         <value>0x302c55</value>
         <object_component_ref idref="oc-280"/>
      </symbol>
      <symbol id="sm-aa7">
         <name>_xdc_runtime_LoggerBuf_write4__E</name>
         <value>0x30175c</value>
         <object_component_ref idref="oc-1f5"/>
      </symbol>
      <symbol id="sm-aa8">
         <name>_xdc_runtime_LoggerBuf_getFilterLevel__E</name>
         <value>0x301f1b</value>
         <object_component_ref idref="oc-251"/>
      </symbol>
      <symbol id="sm-aa9">
         <name>_xdc_runtime_LoggerBuf_disable__E</name>
         <value>0x302da8</value>
         <object_component_ref idref="oc-24e"/>
      </symbol>
      <symbol id="sm-aaa">
         <name>_xdc_runtime_LoggerBuf_setFilterLevel__E</name>
         <value>0x301f94</value>
         <object_component_ref idref="oc-250"/>
      </symbol>
      <symbol id="sm-aab">
         <name>_xdc_runtime_LoggerBuf_write8__E</name>
         <value>0x300f5f</value>
         <object_component_ref idref="oc-227"/>
      </symbol>
      <symbol id="sm-aac">
         <name>_xdc_runtime_LoggerBuf_write2__E</name>
         <value>0x302acd</value>
         <object_component_ref idref="oc-198"/>
      </symbol>
      <symbol id="sm-aad">
         <name>_xdc_runtime_LoggerBuf_filterOutEvent__I</name>
         <value>0x30263c</value>
         <object_component_ref idref="oc-245"/>
      </symbol>
      <symbol id="sm-aae">
         <name>_xdc_runtime_LoggerBuf_write1__E</name>
         <value>0x302ba6</value>
         <object_component_ref idref="oc-195"/>
      </symbol>
      <symbol id="sm-aaf">
         <name>_xdc_runtime_LoggerBuf_enable__E</name>
         <value>0x302d98</value>
         <object_component_ref idref="oc-24d"/>
      </symbol>
      <symbol id="sm-aca">
         <name>_xdc_runtime_Memory_calloc__E</name>
         <value>0x302d27</value>
         <object_component_ref idref="oc-1c7"/>
      </symbol>
      <symbol id="sm-acb">
         <name>_xdc_runtime_Memory_free__E</name>
         <value>0x302c75</value>
         <object_component_ref idref="oc-1ca"/>
      </symbol>
      <symbol id="sm-acc">
         <name>_xdc_runtime_Memory_valloc__E</name>
         <value>0x30290a</value>
         <object_component_ref idref="oc-223"/>
      </symbol>
      <symbol id="sm-acd">
         <name>_xdc_runtime_Memory_alloc__E</name>
         <value>0x301e5f</value>
         <object_component_ref idref="oc-1e9"/>
      </symbol>
      <symbol id="sm-ace">
         <name>_xdc_runtime_Memory_getMaxDefaultTypeAlign__E</name>
         <value>0x302dc1</value>
         <object_component_ref idref="oc-237"/>
      </symbol>
      <symbol id="sm-af0">
         <name>_xdc_runtime_Startup_startMods__I</name>
         <value>0x3018bd</value>
         <object_component_ref idref="oc-180"/>
      </symbol>
      <symbol id="sm-af1">
         <name>_xdc_runtime_Startup_rtsDone__E</name>
         <value>0x302dc5</value>
         <object_component_ref idref="oc-127"/>
      </symbol>
      <symbol id="sm-af2">
         <name>_xdc_runtime_Startup_exec__E</name>
         <value>0x30223e</value>
         <object_component_ref idref="oc-f7"/>
      </symbol>
      <symbol id="sm-b78">
         <name>_xdc_runtime_System_formatNum__I</name>
         <value>0x3020e5</value>
         <object_component_ref idref="oc-231"/>
      </symbol>
      <symbol id="sm-b79">
         <name>_xdc_runtime_System_exit__E</name>
         <value>0x302c60</value>
         <object_component_ref idref="oc-fa"/>
      </symbol>
      <symbol id="sm-b7a">
         <name>_xdc_runtime_System_exitStd__E</name>
         <value>0x302e26</value>
         <object_component_ref idref="oc-148"/>
      </symbol>
      <symbol id="sm-b7b">
         <name>_xdc_runtime_System_printf_va__F</name>
         <value>0x30284d</value>
         <object_component_ref idref="oc-181"/>
      </symbol>
      <symbol id="sm-b7c">
         <name>_xdc_runtime_System_atexit__E</name>
         <value>0x30261c</value>
         <object_component_ref idref="oc-12a"/>
      </symbol>
      <symbol id="sm-b7d">
         <name>_xdc_runtime_System_abortStd__E</name>
         <value>0x302e23</value>
         <object_component_ref idref="oc-262"/>
      </symbol>
      <symbol id="sm-b7e">
         <name>_xdc_runtime_System_putchar__I</name>
         <value>0x302896</value>
         <object_component_ref idref="oc-232"/>
      </symbol>
      <symbol id="sm-b7f">
         <name>_xdc_runtime_System_snprintf_va__F</name>
         <value>0x302c7f</value>
         <object_component_ref idref="oc-2bd"/>
      </symbol>
      <symbol id="sm-b80">
         <name>_xdc_runtime_System_Module_startup__E</name>
         <value>0x302e11</value>
         <object_component_ref idref="oc-264"/>
      </symbol>
      <symbol id="sm-b81">
         <name>_xdc_runtime_System_avprintf__E</name>
         <value>0x3027e8</value>
         <object_component_ref idref="oc-2ac"/>
      </symbol>
      <symbol id="sm-b82">
         <name>_xdc_runtime_System_vprintf__E</name>
         <value>0x30284d</value>
         <object_component_ref idref="oc-181"/>
      </symbol>
      <symbol id="sm-b83">
         <name>_xdc_runtime_System_flush__E</name>
         <value>0x302e29</value>
         <object_component_ref idref="oc-183"/>
      </symbol>
      <symbol id="sm-b84">
         <name>_xdc_runtime_System_aprintf_va__F</name>
         <value>0x3027e8</value>
         <object_component_ref idref="oc-2ac"/>
      </symbol>
      <symbol id="sm-b85">
         <name>_xdc_runtime_System_doPrint__I</name>
         <value>0x300000</value>
         <object_component_ref idref="oc-1da"/>
      </symbol>
      <symbol id="sm-b86">
         <name>_xdc_runtime_System_processAtExit__E</name>
         <value>0x3025b7</value>
         <object_component_ref idref="oc-11f"/>
      </symbol>
      <symbol id="sm-b87">
         <name>_xdc_runtime_System_vsnprintf__E</name>
         <value>0x302c7f</value>
         <object_component_ref idref="oc-2bd"/>
      </symbol>
      <symbol id="sm-b88">
         <name>_xdc_runtime_System_abort__E</name>
         <value>0x302bb3</value>
         <object_component_ref idref="oc-1d2"/>
      </symbol>
      <symbol id="sm-ba6">
         <name>_xdc_runtime_SysMin_abort__E</name>
         <value>0x302921</value>
         <object_component_ref idref="oc-261"/>
      </symbol>
      <symbol id="sm-ba7">
         <name>_xdc_runtime_SysMin_ready__E</name>
         <value>0x302d2f</value>
         <object_component_ref idref="oc-22e"/>
      </symbol>
      <symbol id="sm-ba8">
         <name>_xdc_runtime_SysMin_flush__E</name>
         <value>0x3024ff</value>
         <object_component_ref idref="oc-1f4"/>
      </symbol>
      <symbol id="sm-ba9">
         <name>_xdc_runtime_SysMin_Module_startup__E</name>
         <value>0x302a90</value>
         <object_component_ref idref="oc-265"/>
      </symbol>
      <symbol id="sm-baa">
         <name>_xdc_runtime_SysMin_putch__E</name>
         <value>0x302709</value>
         <object_component_ref idref="oc-288"/>
      </symbol>
      <symbol id="sm-bab">
         <name>_xdc_runtime_SysMin_exit__E</name>
         <value>0x302bfc</value>
         <object_component_ref idref="oc-189"/>
      </symbol>
      <symbol id="sm-beb">
         <name>_xdc_runtime_Text_putLab__E</name>
         <value>0x301e1e</value>
         <object_component_ref idref="oc-29e"/>
      </symbol>
      <symbol id="sm-bec">
         <name>_xdc_runtime_Text_printVisFxn__I</name>
         <value>0x302964</value>
         <object_component_ref idref="oc-2bc"/>
      </symbol>
      <symbol id="sm-bed">
         <name>_xdc_runtime_Text_putMod__E</name>
         <value>0x302009</value>
         <object_component_ref idref="oc-2aa"/>
      </symbol>
      <symbol id="sm-bee">
         <name>_xdc_runtime_Text_xprintf__I</name>
         <value>0x30245e</value>
         <object_component_ref idref="oc-2ab"/>
      </symbol>
      <symbol id="sm-bef">
         <name>_xdc_runtime_Text_visitRope2__I</name>
         <value>0x3023d9</value>
         <object_component_ref idref="oc-2c5"/>
      </symbol>
      <symbol id="sm-bf0">
         <name>_xdc_runtime_Text_ropeText__E</name>
         <value>0x302c89</value>
         <object_component_ref idref="oc-1fb"/>
      </symbol>
      <symbol id="sm-bf1">
         <name>_xdc_runtime_Text_putSite__E</name>
         <value>0x301bff</value>
         <object_component_ref idref="oc-286"/>
      </symbol>
      <symbol id="sm-bfd">
         <name>___xdc__init</name>
         <value>0x302dc9</value>
         <object_component_ref idref="oc-fb"/>
      </symbol>
      <symbol id="sm-c1d">
         <name>_xdc_runtime_Registry_findById__E</name>
         <value>0x302adc</value>
         <object_component_ref idref="oc-2ba"/>
      </symbol>
      <symbol id="sm-c38">
         <name>_c_int00</name>
         <value>0x301a0e</value>
         <object_component_ref idref="oc-18"/>
      </symbol>
      <symbol id="sm-c39">
         <name>__stack</name>
         <value>0x0</value>
         <object_component_ref idref="oc-a6"/>
      </symbol>
      <symbol id="sm-c65">
         <name>ULL$$MOD</name>
         <value>0x300baf</value>
         <object_component_ref idref="oc-ab"/>
      </symbol>
      <symbol id="sm-c66">
         <name>ULL$$DIV</name>
         <value>0x300b80</value>
         <object_component_ref idref="oc-ab"/>
      </symbol>
      <symbol id="sm-c67">
         <name>LL$$MOD</name>
         <value>0x300b46</value>
         <object_component_ref idref="oc-ab"/>
      </symbol>
      <symbol id="sm-c68">
         <name>LL$$DIV</name>
         <value>0x300b0a</value>
         <object_component_ref idref="oc-ab"/>
      </symbol>
      <symbol id="sm-c77">
         <name>_copy_in</name>
         <value>0x302593</value>
         <object_component_ref idref="oc-f6"/>
      </symbol>
      <symbol id="sm-c89">
         <name>_memcpy</name>
         <value>0x302726</value>
         <object_component_ref idref="oc-11a"/>
      </symbol>
      <symbol id="sm-c96">
         <name>__system_pre_init</name>
         <value>0x302e36</value>
         <object_component_ref idref="oc-f4"/>
      </symbol>
      <symbol id="sm-ca4">
         <name>__system_post_cinit</name>
         <value>0x302e3b</value>
         <object_component_ref idref="oc-f8"/>
      </symbol>
      <symbol id="sm-cb9">
         <name>C$$EXIT</name>
         <value>0x302487</value>
         <object_component_ref idref="oc-18a"/>
      </symbol>
      <symbol id="sm-cba">
         <name>_exit</name>
         <value>0x302489</value>
         <object_component_ref idref="oc-18a"/>
      </symbol>
      <symbol id="sm-cbc">
         <name>___TI_cleanup_ptr</name>
         <value>0x8ebc</value>
         <object_component_ref idref="oc-c6"/>
      </symbol>
      <symbol id="sm-cbd">
         <name>___TI_enable_exit_profile_output</name>
         <value>0x8eba</value>
         <object_component_ref idref="oc-c6"/>
      </symbol>
      <symbol id="sm-cbe">
         <name>_abort</name>
         <value>0x302487</value>
         <object_component_ref idref="oc-18a"/>
      </symbol>
      <symbol id="sm-cc0">
         <name>___TI_dtors_ptr</name>
         <value>0x8ebe</value>
         <object_component_ref idref="oc-c6"/>
      </symbol>
      <symbol id="sm-cd4">
         <name>__unlock</name>
         <value>0x8f7e</value>
         <object_component_ref idref="oc-1a5"/>
      </symbol>
      <symbol id="sm-cd5">
         <name>__lock</name>
         <value>0x8f7c</value>
         <object_component_ref idref="oc-1a6"/>
      </symbol>
      <symbol id="sm-cd6">
         <name>__register_lock</name>
         <value>0x302cfa</value>
         <object_component_ref idref="oc-160"/>
      </symbol>
      <symbol id="sm-cd8">
         <name>__nop</name>
         <value>0x302cfe</value>
         <object_component_ref idref="oc-160"/>
      </symbol>
      <symbol id="sm-cda">
         <name>__register_unlock</name>
         <value>0x302cf6</value>
         <object_component_ref idref="oc-160"/>
      </symbol>
      <symbol id="sm-cea">
         <name>__args_main</name>
         <value>0x302a4d</value>
         <object_component_ref idref="oc-f9"/>
      </symbol>
      <symbol id="sm-cf9">
         <name>_memset</name>
         <value>0x302d5b</value>
         <object_component_ref idref="oc-25d"/>
      </symbol>
      <symbol id="sm-d10">
         <name>_strlen</name>
         <value>0x302d37</value>
         <object_component_ref idref="oc-230"/>
      </symbol>
      <symbol id="sm-d1e">
         <name>_HOSTwrite</name>
         <value>0x302078</value>
         <object_component_ref idref="oc-2a4"/>
      </symbol>
      <symbol id="sm-d38">
         <name>___TI_readmsg</name>
         <value>0x301486</value>
         <object_component_ref idref="oc-2b5"/>
      </symbol>
      <symbol id="sm-d3a">
         <name>C$$IO$$</name>
         <value>0x301481</value>
         <object_component_ref idref="oc-2b5"/>
      </symbol>
      <symbol id="sm-d3b">
         <name>__CIOBUF_</name>
         <value>0x8fc0</value>
         <object_component_ref idref="oc-ea"/>
      </symbol>
      <symbol id="sm-d3c">
         <name>___TI_writemsg</name>
         <value>0x30142e</value>
         <object_component_ref idref="oc-2b5"/>
      </symbol>
      <symbol id="sm-d49">
         <name>_parmbuf</name>
         <value>0x8fa6</value>
         <object_component_ref idref="oc-2b4"/>
      </symbol>
   </symbol_table>
   <title>Link successful</title>
</link_info>
